<html>
<body>
<pre>
<h1>µVision Build Log</h1>
<h2>Tool Versions:</h2>
IDE-Version: ¦ÌVision V5.41.0.0
Copyright (C) 2024 ARM Ltd and ARM Germany GmbH. All rights reserved.
License Information: 1 ð©Ìì, 1, LIC=QF82M-X2GB6-Z9VG9-4A70J-SR47S-HMXYG
 
Tool Versions:
Toolchain:       MDK-ARM Plus  Version: 5.41.0.0
Toolchain Path:  F:\MDK\ARM\ARMCLANG\Bin
C Compiler:      ArmClang.exe V6.22
Assembler:       Armasm.exe V6.22
Linker/Locator:  ArmLink.exe V6.22
Library Manager: ArmAr.exe V6.22
Hex Converter:   FromElf.exe V6.22
CPU DLL:         SARMCM3.DLL V5.41.0.0
Dialog DLL:      DCM.DLL V1.17.5.0
Target DLL:      CMSIS_AGDI.dll V1.33.21.0
Dialog DLL:      TCM.DLL V1.56.4.0
 
<h2>Project:</h2>
F:\dm_1\MDK-ARM\dm.uvprojx
Project File Date:  11/11/2025

<h2>Output:</h2>
*** Using Compiler 'V6.22', folder: 'F:\MDK\ARM\ARMCLANG\Bin'
Build target 'dm'
../Core/Src/tim.c(853): warning: In file included from...
../Core/Src\BMI088driver.h(58): warning: 'packed' attribute ignored [-Wignored-attributes]
   58 | typedef PACKED_STRUCT struct BMI088_RAW_DATA
      |         ^
../Core/Src\BMI088driver.h(51): note: expanded from macro 'PACKED_STRUCT'
   51 | #define PACKED_STRUCT __packed
      |                       ^
../Drivers/STM32H7xx_HAL_Driver/Inc\stm32h7xx_hal_def.h(117): note: expanded from macro '__packed'
  117 |     #define __packed  __attribute__((packed))
      |                                      ^
1 warning generated.
compiling tim.c...
linking...
Program Size: Code=78724 RO-data=1496 RW-data=284 ZI-data=82164  
FromELF: creating hex file...
"dm\dm.axf" - 0 Error(s), 1 Warning(s).

<h2>Software Packages used:</h2>

Package Vendor: ARM
                https://www.keil.com/pack/ARM.CMSIS.6.1.0.pack
                ARM::CMSIS@6.1.0
                CMSIS (Common Microcontroller Software Interface Standard)
   * Component: CORE Version: 6.1.0

Package Vendor: Keil
                https://www.keil.com/pack/Keil.STM32H7xx_DFP.4.0.0.pack
                Keil::STM32H7xx_DFP@4.0.0
                STMicroelectronics STM32H7 Series Device Support

<h2>Collection of Component include folders:</h2>
  ./RTE/_dm
  F:/MDK/ARM/CMSIS/6.1.0/CMSIS/Core/Include

<h2>Collection of Component Files used:</h2>

   * Component: ARM::CMSIS:CORE@6.1.0
      Include file:  CMSIS/Core/Include/tz_context.h
Build Time Elapsed:  00:00:03
</pre>
</body>
</html>
