Component: Arm Compiler for Embedded 6.22 Tool: armlink [5ee90200]

==============================================================================

Section Cross References

    startup_stm32h723xx.o(STACK) refers (Special) to heapauxi.o(.text) for __use_two_region_memory
    startup_stm32h723xx.o(HEAP) refers (Special) to heapauxi.o(.text) for __use_two_region_memory
    startup_stm32h723xx.o(RESET) refers (Special) to heapauxi.o(.text) for __use_two_region_memory
    startup_stm32h723xx.o(RESET) refers to startup_stm32h723xx.o(STACK) for __initial_sp
    startup_stm32h723xx.o(RESET) refers to startup_stm32h723xx.o(.text) for Reset_Handler
    startup_stm32h723xx.o(RESET) refers to stm32h7xx_it.o(.text.NMI_Handler) for NMI_Handler
    startup_stm32h723xx.o(RESET) refers to stm32h7xx_it.o(.text.HardFault_Handler) for HardFault_Handler
    startup_stm32h723xx.o(RESET) refers to stm32h7xx_it.o(.text.MemManage_Handler) for MemManage_Handler
    startup_stm32h723xx.o(RESET) refers to stm32h7xx_it.o(.text.BusFault_Handler) for BusFault_Handler
    startup_stm32h723xx.o(RESET) refers to stm32h7xx_it.o(.text.UsageFault_Handler) for UsageFault_Handler
    startup_stm32h723xx.o(RESET) refers to stm32h7xx_it.o(.text.SVC_Handler) for SVC_Handler
    startup_stm32h723xx.o(RESET) refers to stm32h7xx_it.o(.text.DebugMon_Handler) for DebugMon_Handler
    startup_stm32h723xx.o(RESET) refers to stm32h7xx_it.o(.text.PendSV_Handler) for PendSV_Handler
    startup_stm32h723xx.o(RESET) refers to stm32h7xx_it.o(.text.SysTick_Handler) for SysTick_Handler
    startup_stm32h723xx.o(RESET) refers to stm32h7xx_it.o(.text.DMA1_Stream0_IRQHandler) for DMA1_Stream0_IRQHandler
    startup_stm32h723xx.o(RESET) refers to stm32h7xx_it.o(.text.DMA1_Stream1_IRQHandler) for DMA1_Stream1_IRQHandler
    startup_stm32h723xx.o(RESET) refers to stm32h7xx_it.o(.text.DMA1_Stream2_IRQHandler) for DMA1_Stream2_IRQHandler
    startup_stm32h723xx.o(RESET) refers to stm32h7xx_it.o(.text.DMA1_Stream3_IRQHandler) for DMA1_Stream3_IRQHandler
    startup_stm32h723xx.o(RESET) refers to stm32h7xx_it.o(.text.OTG_HS_IRQHandler) for OTG_HS_IRQHandler
    startup_stm32h723xx.o(RESET) refers to stm32h7xx_it.o(.text.UART7_IRQHandler) for UART7_IRQHandler
    startup_stm32h723xx.o(RESET) refers to stm32h7xx_it.o(.text.TIM15_IRQHandler) for TIM15_IRQHandler
    startup_stm32h723xx.o(RESET) refers to stm32h7xx_it.o(.text.TIM16_IRQHandler) for TIM16_IRQHandler
    startup_stm32h723xx.o(RESET) refers to stm32h7xx_it.o(.text.TIM17_IRQHandler) for TIM17_IRQHandler
    startup_stm32h723xx.o(RESET) refers to stm32h7xx_it.o(.text.USART10_IRQHandler) for USART10_IRQHandler
    startup_stm32h723xx.o(.text) refers (Special) to heapauxi.o(.text) for __use_two_region_memory
    startup_stm32h723xx.o(.text) refers to system_stm32h7xx.o(.text.SystemInit) for SystemInit
    startup_stm32h723xx.o(.text) refers to __main.o(!!!main) for __main
    startup_stm32h723xx.o(.text) refers to startup_stm32h723xx.o(HEAP) for Heap_Mem
    startup_stm32h723xx.o(.text) refers to startup_stm32h723xx.o(STACK) for Stack_Mem
    pid.o(.ARM.exidx.text.PID_Init) refers to pid.o(.text.PID_Init) for [Anonymous Symbol]
    pid.o(.ARM.exidx.text.PIDController_Init) refers to pid.o(.text.PIDController_Init) for [Anonymous Symbol]
    pid.o(.ARM.exidx.text.PIDController_Update) refers to pid.o(.text.PIDController_Update) for [Anonymous Symbol]
    pid.o(.ARM.exidx.text.PID_Reset) refers to pid.o(.text.PID_Reset) for [Anonymous Symbol]
    pid.o(.ARM.exidx.text.PIDIncremental_Reset) refers to pid.o(.text.PIDIncremental_Reset) for [Anonymous Symbol]
    pid.o(.ARM.exidx.text.PIDIncremental_Update) refers to pid.o(.text.PIDIncremental_Update) for [Anonymous Symbol]
    pid.o(.ARM.exidx.text.PIDTemp_Init) refers to pid.o(.text.PIDTemp_Init) for [Anonymous Symbol]
    pid.o(.ARM.exidx.text.PIDTemp_Update) refers to pid.o(.text.PIDTemp_Update) for [Anonymous Symbol]
    pid.o(.ARM.exidx.text.PIDControllerAngle_Init) refers to pid.o(.text.PIDControllerAngle_Init) for [Anonymous Symbol]
    pid.o(.ARM.exidx.text.PIDControllerAngle_Update) refers to pid.o(.text.PIDControllerAngle_Update) for [Anonymous Symbol]
    pid.o(.ARM.exidx.text.PIDAngle_Reset) refers to pid.o(.text.PIDAngle_Reset) for [Anonymous Symbol]
    pid.o(.ARM.exidx.text.PIDAngleIncremental_SET) refers to pid.o(.text.PIDAngleIncremental_SET) for [Anonymous Symbol]
    pid.o(.ARM.exidx.text.PIDAngle_init) refers to pid.o(.text.PIDAngle_init) for [Anonymous Symbol]
    pid.o(.ARM.exidx.text.Quaternion_PIDController) refers to pid.o(.text.Quaternion_PIDController) for [Anonymous Symbol]
    bmi088driver.o(.text.BMI088_init) refers to bmi088middleware.o(.text.BMI088_GPIO_init) for BMI088_GPIO_init
    bmi088driver.o(.text.BMI088_init) refers to bmi088middleware.o(.text.BMI088_com_init) for BMI088_com_init
    bmi088driver.o(.text.BMI088_init) refers to bmi088driver.o(.text.bmi088_accel_init) for bmi088_accel_init
[...]
    ch7                                      0x24000258   Data           4  main.o(.bss..L_MergedGlobals.1)
    ch8                                      0x2400025c   Data           4  main.o(.bss..L_MergedGlobals.1)
    ch9                                      0x24000260   Data           4  main.o(.bss..L_MergedGlobals.1)
    ch10                                     0x24000264   Data           4  main.o(.bss..L_MergedGlobals.1)
    ch11                                     0x24000268   Data           4  main.o(.bss..L_MergedGlobals.1)
    ch12                                     0x2400026c   Data           4  main.o(.bss..L_MergedGlobals.1)
    ch13                                     0x24000270   Data           4  main.o(.bss..L_MergedGlobals.1)
    ch14                                     0x24000274   Data           4  main.o(.bss..L_MergedGlobals.1)
    ch15                                     0x24000278   Data           4  main.o(.bss..L_MergedGlobals.1)
    err_speed                                0x2400027c   Data           8  main.o(.bss..L_MergedGlobals.1)
    uartRx                                   0x24000284   Data          16  main.o(.bss..L_MergedGlobals.1)
    lowpass_filter_accel_x                   0x24000294   Data          20  main.o(.bss..L_MergedGlobals.1)
    scope                                    0x240002a8   Data           4  tim.o(.bss..L_MergedGlobals.1)
    x_older                                  0x240002ac   Data           4  tim.o(.bss..L_MergedGlobals.1)
    y_older                                  0x240002b0   Data           4  tim.o(.bss..L_MergedGlobals.1)
    z_older                                  0x240002b4   Data           4  tim.o(.bss..L_MergedGlobals.1)
    gyro_x                                   0x240002b8   Data           4  tim.o(.bss..L_MergedGlobals.1)
    gyro_y                                   0x240002bc   Data           4  tim.o(.bss..L_MergedGlobals.1)
    gyro_z                                   0x240002c0   Data           4  tim.o(.bss..L_MergedGlobals.1)
    uav_h                                    0x240002c4   Data           4  tim.o(.bss..L_MergedGlobals.1)
    uav_x                                    0x240002c8   Data           4  tim.o(.bss..L_MergedGlobals.1)
    uav_y                                    0x240002cc   Data           4  tim.o(.bss..L_MergedGlobals.1)
    uav_z                                    0x240002d0   Data           4  tim.o(.bss..L_MergedGlobals.1)
    motor1_speed                             0x240002d4   Data           4  tim.o(.bss..L_MergedGlobals.1)
    motor2_speed                             0x240002d8   Data           4  tim.o(.bss..L_MergedGlobals.1)
    motor3_speed                             0x240002dc   Data           4  tim.o(.bss..L_MergedGlobals.1)
    motor4_speed                             0x240002e0   Data           4  tim.o(.bss..L_MergedGlobals.1)
    old_motor1_speed                         0x240002e4   Data           4  tim.o(.bss..L_MergedGlobals.1)
    old_motor2_speed                         0x240002e8   Data           4  tim.o(.bss..L_MergedGlobals.1)
    old_motor3_speed                         0x240002ec   Data           4  tim.o(.bss..L_MergedGlobals.1)
    old_motor4_speed                         0x240002f0   Data           4  tim.o(.bss..L_MergedGlobals.1)
    temperate                                0x240002f4   Data           4  tim.o(.bss..L_MergedGlobals.1)
    accel_x                                  0x240002f8   Data           4  tim.o(.bss..L_MergedGlobals.1)
    accel_y                                  0x240002fc   Data           4  tim.o(.bss..L_MergedGlobals.1)
    accel_z                                  0x24000300   Data           4  tim.o(.bss..L_MergedGlobals.1)
    old_time                                 0x24000304   Data           4  tim.o(.bss..L_MergedGlobals.1)
    time_s                                   0x24000308   Data           4  tim.o(.bss..L_MergedGlobals.1)
    dis                                      0x2400030c   Data           4  tim.o(.bss..L_MergedGlobals.1)
    old_distance                             0x24000310   Data           4  tim.o(.bss..L_MergedGlobals.1)
    SYStime                                  0x24000314   Data           4  tim.o(.bss..L_MergedGlobals.1)
    speed                                    0x24000318   Data           8  tim.o(.bss..L_MergedGlobals.1)
    mahonyAHRS                               0x24000320   Data          56  main.o(.bss..L_MergedGlobals.10)
    x_speed_pid                              0x24000358   Data          64  main.o(.bss..L_MergedGlobals.10)
    lowpass_filter_accel_y                   0x24000398   Data          20  main.o(.bss..L_MergedGlobals.2)
    lowpass_filter_accel_z                   0x240003ac   Data          20  main.o(.bss..L_MergedGlobals.2)
    lowpass_filter_gyro_x                    0x240003c0   Data          20  main.o(.bss..L_MergedGlobals.2)
    lowpass_filter_gyro_y                    0x240003d4   Data          20  main.o(.bss..L_MergedGlobals.2)
    lowpass_filter_gyro_z                    0x240003e8   Data          20  main.o(.bss..L_MergedGlobals.2)
    lowpass_filter_speed_x                   0x240003fc   Data          20  main.o(.bss..L_MergedGlobals.2)
    gyro                                     0x24000410   Data          12  tim.o(.bss..L_MergedGlobals.2)
    accel                                    0x2400041c   Data          12  tim.o(.bss..L_MergedGlobals.2)
    body_speed2                              0x24000428   Data          16  tim.o(.bss..L_MergedGlobals.2)
    body_accle                               0x24000438   Data          16  tim.o(.bss..L_MergedGlobals.2)
    word_accle                               0x24000448   Data          16  tim.o(.bss..L_MergedGlobals.2)
    word_speed3                              0x24000458   Data          16  tim.o(.bss..L_MergedGlobals.2)
    word_speed2                              0x24000468   Data          16  tim.o(.bss..L_MergedGlobals.2)
    mtf_01_speed                             0x24000478   Data          16  tim.o(.bss..L_MergedGlobals.2)
    lowpass_filter_speed_y                   0x24000488   Data          20  main.o(.bss..L_MergedGlobals.3)
    lowpass_filter_speed_z                   0x2400049c   Data          20  main.o(.bss..L_MergedGlobals.3)
    mov_avg_speed_x                          0x240004b0   Data          20  main.o(.bss..L_MergedGlobals.3)
    mov_avg_speed_y                          0x240004c4   Data          20  main.o(.bss..L_MergedGlobals.3)
    mov_avg_speed_z                          0x240004d8   Data          20  main.o(.bss..L_MergedGlobals.3)
    msg_speed_x_filter                       0x240004ec   Data          20  main.o(.bss..L_MergedGlobals.3)
    UAV_position                             0x24000500   Data          16  tim.o(.bss..L_MergedGlobals.3)
    htim3                                    0x24000510   Data          76  tim.o(.bss..L_MergedGlobals.3)
    msg_speed_y_filter                       0x2400055c   Data          20  main.o(.bss..L_MergedGlobals.4)
    msg_speed_z_filter                       0x24000570   Data          20  main.o(.bss..L_MergedGlobals.4)
    u10_rx_data                              0x24000584   Data          30  main.o(.bss..L_MergedGlobals.4)
    bandstop_filter_ax                       0x240005a4   Data          36  main.o(.bss..L_MergedGlobals.4)
    bandstop_filter_ay                       0x240005c8   Data          36  main.o(.bss..L_MergedGlobals.5)
    bandstop_filter_az                       0x240005ec   Data          36  main.o(.bss..L_MergedGlobals.5)
    bandstop_filter_ax_2                     0x24000610   Data          36  main.o(.bss..L_MergedGlobals.5)
    bandstop_filter_ay_2                     0x24000634   Data          36  main.o(.bss..L_MergedGlobals.6)
    bandstop_filter_az_2                     0x24000658   Data          36  main.o(.bss..L_MergedGlobals.6)
    bandstop_filter_gx                       0x2400067c   Data          36  main.o(.bss..L_MergedGlobals.6)
    bandstop_filter_gy                       0x240006a0   Data          36  main.o(.bss..L_MergedGlobals.7)
    bandstop_filter_gz                       0x240006c4   Data          36  main.o(.bss..L_MergedGlobals.7)
    mov_avg_speed_x_buffer                   0x240006e8   Data          40  main.o(.bss..L_MergedGlobals.7)
    mov_avg_speed_y_buffer                   0x24000710   Data          40  main.o(.bss..L_MergedGlobals.8)
    mov_avg_speed_z_buffer                   0x24000738   Data          40  main.o(.bss..L_MergedGlobals.8)
    msg_speed_x_filter_buffer                0x24000760   Data          40  main.o(.bss..L_MergedGlobals.8)
    msg_speed_y_filter_buffer                0x24000788   Data          40  main.o(.bss..L_MergedGlobals.9)
    msg_speed_z_filter_buffer                0x240007b0   Data          40  main.o(.bss..L_MergedGlobals.9)
    USBD_StrDesc                             0x240007e0   Data         512  usbd_desc.o(.bss.USBD_StrDesc)
    UserRxBufferHS                           0x24000c00   Data        2048  usbd_cdc_if.o(.bss.UserRxBufferHS)
    UserTxBufferHS                           0x24001400   Data        2048  usbd_cdc_if.o(.bss.UserTxBufferHS)
    angle                                    0x24001c00   Data          12  tim.o(.bss.angle)
    hUsbDeviceHS                             0x24001c0c   Data         732  usb_device.o(.bss.hUsbDeviceHS)
    hadc1                                    0x24001ee8   Data         112  adc.o(.bss.hadc1)
    hcrc                                     0x24001f58   Data          36  crc.o(.bss.hcrc)
    hdma_tim1_ch1                            0x24001f7c   Data         120  tim.o(.bss.hdma_tim1_ch1)
    hdma_tim1_ch3                            0x24001ff4   Data         120  tim.o(.bss.hdma_tim1_ch3)
    hdma_tim2_ch1                            0x2400206c   Data         120  tim.o(.bss.hdma_tim2_ch1)
    hdma_tim2_ch3                            0x240020e4   Data         120  tim.o(.bss.hdma_tim2_ch3)
    hfdcan1                                  0x2400215c   Data         160  fdcan.o(.bss.hfdcan1)
    hfdcan3                                  0x240021fc   Data         160  fdcan.o(.bss.hfdcan3)
    hight_position_pid                       0x2400229c   Data          64  main.o(.bss.hight_position_pid)
    hight_speed_pid                          0x240022dc   Data          64  main.o(.bss.hight_speed_pid)
    hospi2                                   0x2400231c   Data          92  octospi.o(.bss.hospi2)
    hpcd_USB_OTG_HS                          0x24002378   Data        1252  usbd_conf.o(.bss.hpcd_USB_OTG_HS)
    hspi2                                    0x2400285c   Data         136  spi.o(.bss.hspi2)
    hspi6                                    0x240028e4   Data         136  spi.o(.bss.hspi6)
    htim1                                    0x2400296c   Data          76  tim.o(.bss.htim1)
    htim12                                   0x240029b8   Data          76  tim.o(.bss.htim12)
    htim13                                   0x24002a04   Data          76  tim.o(.bss.htim13)
    htim14                                   0x24002a50   Data          76  tim.o(.bss.htim14)
    htim15                                   0x24002a9c   Data          76  tim.o(.bss.htim15)
    htim16                                   0x24002ae8   Data          76  tim.o(.bss.htim16)
    htim17                                   0x24002b34   Data          76  tim.o(.bss.htim17)
    htim2                                    0x24002b80   Data          76  tim.o(.bss.htim2)
    huart1                                   0x24002bcc   Data         148  usart.o(.bss.huart1)
    huart10                                  0x24002c60   Data         148  usart.o(.bss.huart10)
    huart3                                   0x24002cf4   Data         148  usart.o(.bss.huart3)
    huart7                                   0x24002d88   Data         148  usart.o(.bss.huart7)
    lqData                                   0x24002e1c   Data          12  usart.o(.bss.lqData)
    motor2_dmabuffer                         0x24002e28   Data          72  dshot.o(.bss.motor2_dmabuffer)
    motor3_dmabuffer                         0x24002e70   Data          72  dshot.o(.bss.motor3_dmabuffer)
    motor4_dmabuffer                         0x24002eb8   Data          72  dshot.o(.bss.motor4_dmabuffer)
    msg                                      0x24002f00   Data          73  usart.o(.bss.msg)
    pid_temp                                 0x24002f4c   Data          64  main.o(.bss.pid_temp)
    rcData                                   0x24002f8c   Data          24  usart.o(.bss.rcData)
    str                                      0x24002fa4   Data         230  main.o(.bss.str)
    uwTick                                   0x2400308c   Data           4  stm32h7xx_hal.o(.bss.uwTick)
    x_Angle                                  0x24003090   Data          64  main.o(.bss.x_Angle)
    x_position_pid                           0x240030d0   Data          64  main.o(.bss.x_position_pid)
    x_uav_speed_pid                          0x24003110   Data          64  main.o(.bss.x_uav_speed_pid)
    y_Angle                                  0x24003150   Data          64  main.o(.bss.y_Angle)
    y_position_pid                           0x24003190   Data          64  main.o(.bss.y_position_pid)
    y_speed_pid                              0x240031d0   Data          64  main.o(.bss.y_speed_pid)
    y_uav_speed_pid                          0x24003210   Data          64  main.o(.bss.y_uav_speed_pid)
    z_Angle                                  0x24003250   Data          64  main.o(.bss.z_Angle)
    z_speed_pid                              0x24003290   Data          64  main.o(.bss.z_speed_pid)



==============================================================================

Memory Map of the image

  Image Entry point : 0x080002cd

  Load Region LR_IROM1 (Base: 0x08000000, Size: 0x000134d0, Max: 0x00100000, ABSOLUTE)

    Execution Region ER_IROM1 (Exec base: 0x08000000, Load base: 0x08000000, Size: 0x000133ac, Max: 0x00100000, ABSOLUTE)

    Exec Addr    Load Addr    Size         Type   Attr      Idx    E Section Name        Object

    0x08000000   0x08000000   0x000002cc   Data   RO            3    RESET               startup_stm32h723xx.o
    0x080002cc   0x080002cc   0x00000008   Code   RO         3149  * !!!main             c_w.l(__main.o)
    0x080002d4   0x080002d4   0x0000005c   Code   RO         3521    !!!scatter          c_w.l(__scatter.o)
    0x08000330   0x08000330   0x0000001a   Code   RO         3525    !!handler_copy      c_w.l(__scatter_copy.o)
    0x0800034a   0x0800034a   0x00000002   PAD
    0x0800034c   0x0800034c   0x00000002   Code   RO         3522    !!handler_null      c_w.l(__scatter.o)
    0x0800034e   0x0800034e   0x00000002   PAD
    0x08000350   0x08000350   0x0000001c   Code   RO         3527    !!handler_zi        c_w.l(__scatter_zi.o)
    0x0800036c   0x0800036c   0x00000000   Code   RO         3136    .ARM.Collect$$_printf_percent$$00000000  c_w.l(_printf_percent.o)
    0x0800036c   0x0800036c   0x00000006   Code   RO         3135    .ARM.Collect$$_printf_percent$$00000003  c_w.l(_printf_f.o)
    0x08000372   0x08000372   0x00000006   Code   RO         3134    .ARM.Collect$$_printf_percent$$00000009  c_w.l(_printf_d.o)
    0x08000378   0x08000378   0x00000004   Code   RO         3224    .ARM.Collect$$_printf_percent$$00000017  c_w.l(_printf_percent_end.o)
    0x0800037c   0x0800037c   0x00000002   Code   RO         3384    .ARM.Collect$$libinit$$00000000  c_w.l(libinit.o)
    0x0800037e   0x0800037e   0x00000004   Code   RO         3385    .ARM.Collect$$libinit$$00000001  c_w.l(libinit2.o)
    0x08000382   0x08000382   0x00000000   Code   RO         3388    .ARM.Collect$$libinit$$00000004  c_w.l(libinit2.o)
    0x08000382   0x08000382   0x00000000   Code   RO         3390    .ARM.Collect$$libinit$$00000006  c_w.l(libinit2.o)
    0x08000382   0x08000382   0x00000000   Code   RO         3393    .ARM.Collect$$libinit$$0000000C  c_w.l(libinit2.o)
    0x08000382   0x08000382   0x00000000   Code   RO         3395    .ARM.Collect$$libinit$$0000000E  c_w.l(libinit2.o)
    0x08000382   0x08000382   0x00000000   Code   RO         3397    .ARM.Collect$$libinit$$00000010  c_w.l(libinit2.o)
    0x08000382   0x08000382   0x00000006   Code   RO         3398    .ARM.Collect$$libinit$$00000011  c_w.l(libinit2.o)
    0x08000388   0x08000388   0x00000000   Code   RO         3400    .ARM.Collect$$libinit$$00000013  c_w.l(libinit2.o)
    0x08000388   0x08000388   0x00000000   Code   RO         3402    .ARM.Collect$$libinit$$00000015  c_w.l(libinit2.o)
    0x08000388   0x08000388   0x00000000   Code   RO         3404    .ARM.Collect$$libinit$$00000017  c_w.l(libinit2.o)
    0x08000388   0x08000388   0x0000000a   Code   RO         3405    .ARM.Collect$$libinit$$00000018  c_w.l(libinit2.o)
    0x08000392   0x08000392   0x00000000   Code   RO         3406    .ARM.Collect$$libinit$$00000019  c_w.l(libinit2.o)
    0x08000392   0x08000392   0x00000000   Code   RO         3408    .ARM.Collect$$libinit$$0000001B  c_w.l(libinit2.o)
    0x08000392   0x08000392   0x00000000   Code   RO         3410    .ARM.Collect$$libinit$$0000001D  c_w.l(libinit2.o)
    0x08000392   0x08000392   0x00000000   Code   RO         3412    .ARM.Collect$$libinit$$0000001F  c_w.l(libinit2.o)
    0x08000392   0x08000392   0x00000000   Code   RO         3414    .ARM.Collect$$libinit$$00000021  c_w.l(libinit2.o)
    0x08000392   0x08000392   0x00000000   Code   RO         3416    .ARM.Collect$$libinit$$00000023  c_w.l(libinit2.o)
    0x08000392   0x08000392   0x00000000   Code   RO         3418    .ARM.Collect$$libinit$$00000025  c_w.l(libinit2.o)
    0x08000392   0x08000392   0x00000000   Code   RO         3420    .ARM.Collect$$libinit$$00000027  c_w.l(libinit2.o)
    0x08000392   0x08000392   0x00000000   Code   RO         3424    .ARM.Collect$$libinit$$0000002E  c_w.l(libinit2.o)
    0x08000392   0x08000392   0x00000000   Code   RO         3426    .ARM.Collect$$libinit$$00000030  c_w.l(libinit2.o)
    0x08000392   0x08000392   0x00000000   Code   RO         3428    .ARM.Collect$$libinit$$00000032  c_w.l(libinit2.o)
    0x08000392   0x08000392   0x00000000   Code   RO         3430    .ARM.Collect$$libinit$$00000034  c_w.l(libinit2.o)
    0x08000392   0x08000392   0x00000002   Code   RO         3431    .ARM.Collect$$libinit$$00000035  c_w.l(libinit2.o)
    0x08000394   0x08000394   0x00000002   Code   RO         3486    .ARM.Collect$$libshutdown$$00000000  c_w.l(libshutdown.o)
    0x08000396   0x08000396   0x00000000   Code   RO         3504    .ARM.Collect$$libshutdown$$00000002  c_w.l(libshutdown2.o)
    0x08000396   0x08000396   0x00000000   Code   RO         3506    .ARM.Collect$$libshutdown$$00000004  c_w.l(libshutdown2.o)
    0x08000396   0x08000396   0x00000000   Code   RO         3509    .ARM.Collect$$libshutdown$$00000007  c_w.l(libshutdown2.o)
    0x08000396   0x08000396   0x00000000   Code   RO         3512    .ARM.Collect$$libshutdown$$0000000A  c_w.l(libshutdown2.o)
    0x08000396   0x08000396   0x00000000   Code   RO         3514    .ARM.Collect$$libshutdown$$0000000C  c_w.l(libshutdown2.o)
    0x08000396   0x08000396   0x00000000   Code   RO         3517    .ARM.Collect$$libshutdown$$0000000F  c_w.l(libshutdown2.o)
    0x08000396   0x08000396   0x00000002   Code   RO         3518    .ARM.Collect$$libshutdown$$00000010  c_w.l(libshutdown2.o)
    0x08000398   0x08000398   0x00000000   Code   RO         3207    .ARM.Collect$$rtentry$$00000000  c_w.l(__rtentry.o)
    0x08000398   0x08000398   0x00000000   Code   RO         3298    .ARM.Collect$$rtentry$$00000002  c_w.l(__rtentry2.o)
    0x08000398   0x08000398   0x00000006   Code   RO         3310    .ARM.Collect$$rtentry$$00000004  c_w.l(__rtentry4.o)
    0x0800039e   0x0800039e   0x00000000   Code   RO         3300    .ARM.Collect$$rtentry$$00000009  c_w.l(__rtentry2.o)
    0x0800039e   0x0800039e   0x00000004   Code   RO         3301    .ARM.Collect$$rtentry$$0000000A  c_w.l(__rtentry2.o)
    0x080003a2   0x080003a2   0x00000000   Code   RO         3303    .ARM.Collect$$rtentry$$0000000C  c_w.l(__rtentry2.o)
    0x080003a2   0x080003a2   0x00000008   Code   RO         3304    .ARM.Collect$$rtentry$$0000000D  c_w.l(__rtentry2.o)
    0x080003aa   0x080003aa   0x00000002   Code   RO         3432    .ARM.Collect$$rtexit$$00000000  c_w.l(rtexit.o)
    0x080003ac   0x080003ac   0x00000000   Code   RO         3451    .ARM.Collect$$rtexit$$00000002  c_w.l(rtexit2.o)
    0x080003ac   0x080003ac   0x00000004   Code   RO         3452    .ARM.Collect$$rtexit$$00000003  c_w.l(rtexit2.o)
    0x080003b0   0x080003b0   0x00000006   Code   RO         3453    .ARM.Collect$$rtexit$$00000004  c_w.l(rtexit2.o)
    0x080003b6   0x080003b6   0x00000002   PAD
    0x080003b8   0x080003b8   0x00000040   Code   RO            4    .text               startup_stm32h723xx.o
    0x080003f8   0x080003f8   0x000000f0   Code   RO         3082    .text               c_w.l(lludivv7m.o)
    0x080004e8   0x080004e8   0x00000028   Code   RO         3086    .text               c_w.l(noretval__2sprintf.o)
    0x08000510   0x08000510   0x00000078   Code   RO         3090    .text               c_w.l(_printf_dec.o)
    0x08000588   0x08000588   0x0000010e   Code   RO         3121    .text               c_w.l(__printf_wp.o)
    0x08000696   0x08000696   0x00000058   Code   RO         3137    .text               c_w.l(memcmp.o)
    0x080006ee   0x080006ee   0x0000003e   Code   RO         3139    .text               c_w.l(strlen.o)
    0x0800072c   0x0800072c   0x0000008a   Code   RO         3141    .text               c_w.l(rt_memcpy_v6.o)
    0x080007b6   0x080007b6   0x0000004e   Code   RO         3145    .text               c_w.l(rt_memclr_w.o)
    0x08000804   0x08000804   0x00000006   Code   RO         3147    .text               c_w.l(heapauxi.o)
    0x0800080a   0x0800080a   0x00000016   Code   RO         3212    .text               c_w.l(_rserrno.o)
    0x08000820   0x08000820   0x000000b2   Code   RO         3214    .text               c_w.l(_printf_intcommon.o)
    0x080008d2   0x080008d2   0x0000041c   Code   RO         3216    .text               c_w.l(_printf_fp_dec.o)
    0x08000cee   0x08000cee   0x00000002   PAD
    0x08000cf0   0x08000cf0   0x00000030   Code   RO         3220    .text               c_w.l(_printf_char_common.o)
    0x08000d20   0x08000d20   0x0000000a   Code   RO         3222    .text               c_w.l(_sputc.o)
    0x08000d2a   0x08000d2a   0x00000064   Code   RO         3225    .text               c_w.l(rt_memcpy_w.o)
    0x08000d8e   0x08000d8e   0x00000002   PAD
    0x08000d90   0x08000d90   0x00000008   Code   RO         3317    .text               c_w.l(rt_locale_intlibspace.o)
    0x08000d98   0x08000d98   0x00000008   Code   RO         3322    .text               c_w.l(rt_errno_addr_intlibspace.o)
    0x08000da0   0x08000da0   0x0000008a   Code   RO         3324    .text               c_w.l(lludiv10.o)
    0x08000e2a   0x08000e2a   0x00000002   PAD
    0x08000e2c   0x08000e2c   0x00000080   Code   RO         3326    .text               c_w.l(_printf_fp_infnan.o)
    0x08000eac   0x08000eac   0x000000e4   Code   RO         3330    .text               c_w.l(bigflt0.o)
    0x08000f90   0x08000f90   0x00000008   Code   RO         3364    .text               c_w.l(libspace.o)
    0x08000f98   0x08000f98   0x0000004a   Code   RO         3367    .text               c_w.l(sys_stackheap_outer.o)
    0x08000fe2   0x08000fe2   0x00000012   Code   RO         3371    .text               c_w.l(exit.o)
    0x08000ff4   0x08000ff4   0x00000004   PAD
    0x08000ff8   0x08000ff8   0x0000007c   Code   RO         3377    .text               c_w.l(strcmpv7m_pel.o)
    0x08001074   0x08001074   0x0000000c   Code   RO         3446    .text               c_w.l(sys_exit.o)
    0x08001080   0x08001080   0x00000002   Code   RO         3473    .text               c_w.l(use_no_semi.o)
    0x08001082   0x08001082   0x00000000   Code   RO         3475    .text               c_w.l(indicate_semi.o)
    0x08001082   0x08001082   0x00000006   PAD
    0x08001088   0x08001088   0x00000100   Code   RO         1698    .text.ADC_ConfigureBoostMode  stm32h7xx_hal_adc.o
    0x08001188   0x08001188   0x00000010   Code   RO           76    .text.BMI088_ACCEL_NS_H  bmi088middleware.o
    0x08001198   0x08001198   0x00000010   Code   RO           74    .text.BMI088_ACCEL_NS_L  bmi088middleware.o
    0x080011a8   0x080011a8   0x00000002   Code   RO           66    .text.BMI088_GPIO_init  bmi088middleware.o
    0x080011aa   0x080011aa   0x00000006   PAD
    0x080011b0   0x080011b0   0x00000010   Code   RO           80    .text.BMI088_GYRO_NS_H  bmi088middleware.o
    0x080011c0   0x080011c0   0x00000010   Code   RO           78    .text.BMI088_GYRO_NS_L  bmi088middleware.o
    0x080011d0   0x080011d0   0x00000002   Code   RO           68    .text.BMI088_com_init  bmi088middleware.o
    0x080011d2   0x080011d2   0x00000006   PAD
    0x080011d8   0x080011d8   0x0000005e   Code   RO           70    .text.BMI088_delay_ms  bmi088middleware.o
    0x08001236   0x08001236   0x00000002   PAD
    0x08001238   0x08001238   0x0000004a   Code   RO           72    .text.BMI088_delay_us  bmi088middleware.o
    0x08001282   0x08001282   0x00000006   PAD
    0x08001288   0x08001288   0x00000018   Code   RO           47    .text.BMI088_init   bmi088driver.o
    0x080012a0   0x080012a0   0x0000019a   Code   RO           53    .text.BMI088_read   bmi088driver.o
    0x0800143a   0x0800143a   0x00000006   PAD
    0x08001440   0x08001440   0x0000002e   Code   RO           82    .text.BMI088_read_write_byte  bmi088middleware.o
    0x0800146e   0x0800146e   0x00000002   PAD
    0x08001470   0x08001470   0x00000002   Code   RO          622    .text.BusFault_Handler  stm32h7xx_it.o
    0x08001472   0x08001472   0x00000006   PAD
    0x08001478   0x08001478   0x00000004   Code   RO         2850    .text.CDC_Control_HS  usbd_cdc_if.o
    0x0800147c   0x0800147c   0x00000004   PAD
    0x08001480   0x08001480   0x00000004   Code   RO         2848    .text.CDC_DeInit_HS  usbd_cdc_if.o
    0x08001484   0x08001484   0x00000004   PAD
    0x08001488   0x08001488   0x0000002c   Code   RO         2846    .text.CDC_Init_HS   usbd_cdc_if.o
    0x080014b4   0x080014b4   0x00000004   PAD
    0x080014b8   0x080014b8   0x0000001c   Code   RO         2852    .text.CDC_Receive_HS  usbd_cdc_if.o
    0x080014d4   0x080014d4   0x00000004   PAD
    0x080014d8   0x080014d8   0x00000004   Code   RO         2854    .text.CDC_TransmitCplt_HS  usbd_cdc_if.o
    0x080014dc   0x080014dc   0x00000004   PAD
    0x080014e0   0x080014e0   0x00000060   Code   RO          167    .text.CRSF_LQ       crsf.o
    0x08001540   0x08001540   0x00000058   Code   RO          165    .text.CRSF_RC       crsf.o
    0x08001598   0x08001598   0x0000000c   Code   RO          634    .text.DMA1_Stream0_IRQHandler  stm32h7xx_it.o
    0x080015a4   0x080015a4   0x00000004   PAD
    0x080015a8   0x080015a8   0x0000000c   Code   RO          636    .text.DMA1_Stream1_IRQHandler  stm32h7xx_it.o
    0x080015b4   0x080015b4   0x00000004   PAD
    0x080015b8   0x080015b8   0x0000000c   Code   RO          638    .text.DMA1_Stream2_IRQHandler  stm32h7xx_it.o
    0x080015c4   0x080015c4   0x00000004   PAD
    0x080015c8   0x080015c8   0x0000000c   Code   RO          640    .text.DMA1_Stream3_IRQHandler  stm32h7xx_it.o
    0x080015d4   0x080015d4   0x00000004   PAD
    0x080015d8   0x080015d8   0x00000128   Code   RO         1092    .text.DMA_CalcBaseAndBitshift  stm32h7xx_hal_dma.o
    0x08001700   0x08001700   0x00000002   Code   RO          628    .text.DebugMon_Handler  stm32h7xx_it.o
    0x08001702   0x08001702   0x00000006   PAD
    0x08001708   0x08001708   0x0000000a   Code   RO          327    .text.Error_Handler  main.o
    0x08001712   0x08001712   0x00000006   PAD
    0x08001718   0x08001718   0x000000b0   Code   RO         1810    .text.HAL_ADCEx_MultiModeConfigChannel  stm32h7xx_hal_adc_ex.o
    0x080017c8   0x080017c8   0x00000516   Code   RO         1744    .text.HAL_ADC_ConfigChannel  stm32h7xx_hal_adc.o
    0x08001cde   0x08001cde   0x00000002   PAD
    0x08001ce0   0x08001ce0   0x00000310   Code   RO         1694    .text.HAL_ADC_Init  stm32h7xx_hal_adc.o
    0x08001ff0   0x08001ff0   0x0000006c   Code   RO          391    .text.HAL_ADC_MspInit  adc.o
    0x0800205c   0x0800205c   0x00000004   PAD
    0x08002060   0x08002060   0x0000006e   Code   RO         1850    .text.HAL_CRCEx_Polynomial_Set  stm32h7xx_hal_crc_ex.o
    0x080020ce   0x080020ce   0x00000002   PAD
    0x080020d0   0x080020d0   0x0000007e   Code   RO         1828    .text.HAL_CRC_Init  stm32h7xx_hal_crc.o
    0x0800214e   0x0800214e   0x00000002   PAD
    0x08002150   0x08002150   0x0000002c   Code   RO          406    .text.HAL_CRC_MspInit  crc.o
    0x0800217c   0x0800217c   0x00000004   PAD
    0x08002180   0x08002180   0x00000526   Code   RO         1102    .text.HAL_DMA_Abort  stm32h7xx_hal_dma.o
    0x080026a6   0x080026a6   0x00000002   PAD
    0x080026a8   0x080026a8   0x000002b6   Code   RO         1104    .text.HAL_DMA_Abort_IT  stm32h7xx_hal_dma.o
    0x0800295e   0x0800295e   0x00000002   PAD
    0x08002960   0x08002960   0x00000818   Code   RO         1108    .text.HAL_DMA_IRQHandler  stm32h7xx_hal_dma.o
    0x08003178   0x08003178   0x0000069a   Code   RO         1090    .text.HAL_DMA_Init  stm32h7xx_hal_dma.o
    0x08003812   0x08003812   0x00000006   PAD
    0x08003818   0x08003818   0x00000028   Code   RO         1396    .text.HAL_Delay     stm32h7xx_hal.o
    0x08003840   0x08003840   0x000003fc   Code   RO         1864    .text.HAL_FDCAN_Init  stm32h7xx_hal_fdcan.o
    0x08003c3c   0x08003c3c   0x00000004   PAD
    0x08003c40   0x08003c40   0x0000010a   Code   RO          432    .text.HAL_FDCAN_MspInit  fdcan.o
    0x08003d4a   0x08003d4a   0x00000006   PAD
    0x08003d50   0x08003d50   0x000001a6   Code   RO         1036    .text.HAL_GPIO_Init  stm32h7xx_hal_gpio.o
    0x08003ef6   0x08003ef6   0x00000002   PAD
    0x08003ef8   0x08003ef8   0x0000000a   Code   RO         1042    .text.HAL_GPIO_WritePin  stm32h7xx_hal_gpio.o
    0x08003f02   0x08003f02   0x00000006   PAD
    0x08003f08   0x08003f08   0x0000000c   Code   RO         1388    .text.HAL_GetTick   stm32h7xx_hal.o
    0x08003f14   0x08003f14   0x00000004   PAD
    0x08003f18   0x08003f18   0x0000001a   Code   RO         1386    .text.HAL_IncTick   stm32h7xx_hal.o
    0x08003f32   0x08003f32   0x00000006   PAD
    0x08003f38   0x08003f38   0x00000064   Code   RO         1376    .text.HAL_Init      stm32h7xx_hal.o
    0x08003f9c   0x08003f9c   0x00000004   PAD
    0x08003fa0   0x08003fa0   0x00000050   Code   RO         1378    .text.HAL_InitTick  stm32h7xx_hal.o
    0x08003ff0   0x08003ff0   0x0000005e   Code   RO         1346    .text.HAL_MPU_ConfigRegion  stm32h7xx_hal_cortex.o
    0x0800404e   0x0800404e   0x00000002   PAD
    0x08004050   0x08004050   0x0000001a   Code   RO         1338    .text.HAL_MPU_Disable  stm32h7xx_hal_cortex.o
    0x0800406a   0x0800406a   0x00000006   PAD
    0x08004070   0x08004070   0x00000020   Code   RO         1340    .text.HAL_MPU_Enable  stm32h7xx_hal_cortex.o
    0x08004090   0x08004090   0x00000020   Code   RO          661    .text.HAL_MspInit   stm32h7xx_hal_msp.o
    0x080040b0   0x080040b0   0x00000022   Code   RO         1328    .text.HAL_NVIC_EnableIRQ  stm32h7xx_hal_cortex.o
    0x080040d2   0x080040d2   0x00000006   PAD
    0x080040d8   0x080040d8   0x0000005a   Code   RO         1326    .text.HAL_NVIC_SetPriority  stm32h7xx_hal_cortex.o
    0x08004132   0x08004132   0x00000006   PAD
    0x08004138   0x08004138   0x00000020   Code   RO         1324    .text.HAL_NVIC_SetPriorityGrouping  stm32h7xx_hal_cortex.o
    0x08004158   0x08004158   0x000005f6   Code   RO         2148    .text.HAL_OSPIM_Config  stm32h7xx_hal_ospi.o
    0x0800474e   0x0800474e   0x00000002   PAD
    0x08004750   0x08004750   0x00000128   Code   RO         2070    .text.HAL_OSPI_Init  stm32h7xx_hal_ospi.o
    0x08004878   0x08004878   0x00000148   Code   RO          450    .text.HAL_OSPI_MspInit  octospi.o
    0x080049c0   0x080049c0   0x00000026   Code   RO          749    .text.HAL_PCDEx_ActivateLPM  stm32h7xx_hal_pcd_ex.o
    0x080049e6   0x080049e6   0x00000002   PAD
    0x080049e8   0x080049e8   0x00000002   Code   RO          761    .text.HAL_PCDEx_LPM_Callback  stm32h7xx_hal_pcd_ex.o
    0x080049ea   0x080049ea   0x00000006   PAD
    0x080049f0   0x080049f0   0x00000008   Code   RO          747    .text.HAL_PCDEx_SetRxFiFo  stm32h7xx_hal_pcd_ex.o
    0x080049f8   0x080049f8   0x000000ce   Code   RO          745    .text.HAL_PCDEx_SetTxFiFo  stm32h7xx_hal_pcd_ex.o
    0x08004ac6   0x08004ac6   0x00000002   PAD
    0x08004ac8   0x08004ac8   0x00000008   Code   RO         2891    .text.HAL_PCD_ConnectCallback  usbd_conf.o
    0x08004ad0   0x08004ad0   0x00000012   Code   RO         2877    .text.HAL_PCD_DataInStageCallback  usbd_conf.o
    0x08004ae2   0x08004ae2   0x00000006   PAD
    0x08004ae8   0x08004ae8   0x00000014   Code   RO         2875    .text.HAL_PCD_DataOutStageCallback  usbd_conf.o
    0x08004afc   0x08004afc   0x00000004   PAD
    0x08004b00   0x08004b00   0x00000008   Code   RO         2893    .text.HAL_PCD_DisconnectCallback  usbd_conf.o
    0x08004b08   0x08004b08   0x00000050   Code   RO          715    .text.HAL_PCD_EP_Close  stm32h7xx_hal_pcd.o
    0x08004b58   0x08004b58   0x00000058   Code   RO          725    .text.HAL_PCD_EP_ClrStall  stm32h7xx_hal_pcd.o
    0x08004bb0   0x08004bb0   0x00000012   Code   RO          719    .text.HAL_PCD_EP_GetRxCount  stm32h7xx_hal_pcd.o
    0x08004bc2   0x08004bc2   0x00000006   PAD
    0x08004bc8   0x08004bc8   0x0000007a   Code   RO          713    .text.HAL_PCD_EP_Open  stm32h7xx_hal_pcd.o
    0x08004c42   0x08004c42   0x00000006   PAD
    0x08004c48   0x08004c48   0x00000038   Code   RO          717    .text.HAL_PCD_EP_Receive  stm32h7xx_hal_pcd.o
    0x08004c80   0x08004c80   0x00000070   Code   RO          723    .text.HAL_PCD_EP_SetStall  stm32h7xx_hal_pcd.o
    0x08004cf0   0x08004cf0   0x0000003c   Code   RO          721    .text.HAL_PCD_EP_Transmit  stm32h7xx_hal_pcd.o
    0x08004d2c   0x08004d2c   0x00000004   PAD
    0x08004d30   0x08004d30   0x0000097e   Code   RO          681    .text.HAL_PCD_IRQHandler  stm32h7xx_hal_pcd.o
    0x080056ae   0x080056ae   0x00000002   PAD
    0x080056b0   0x080056b0   0x00000008   Code   RO         2889    .text.HAL_PCD_ISOINIncompleteCallback  usbd_conf.o
    0x080056b8   0x080056b8   0x00000008   Code   RO         2887    .text.HAL_PCD_ISOOUTIncompleteCallback  usbd_conf.o
    0x080056c0   0x080056c0   0x0000027a   Code   RO          669    .text.HAL_PCD_Init  stm32h7xx_hal_pcd.o
    0x0800593a   0x0800593a   0x00000006   PAD
    0x08005940   0x08005940   0x00000072   Code   RO         2869    .text.HAL_PCD_MspInit  usbd_conf.o
    0x080059b2   0x080059b2   0x00000006   PAD
    0x080059b8   0x080059b8   0x0000002a   Code   RO         2881    .text.HAL_PCD_ResetCallback  usbd_conf.o
    0x080059e2   0x080059e2   0x00000006   PAD
    0x080059e8   0x080059e8   0x00000008   Code   RO         2885    .text.HAL_PCD_ResumeCallback  usbd_conf.o
    0x080059f0   0x080059f0   0x00000008   Code   RO         2879    .text.HAL_PCD_SOFCallback  usbd_conf.o
    0x080059f8   0x080059f8   0x00000028   Code   RO          711    .text.HAL_PCD_SetAddress  stm32h7xx_hal_pcd.o
    0x08005a20   0x08005a20   0x0000000e   Code   RO         2873    .text.HAL_PCD_SetupStageCallback  usbd_conf.o
    0x08005a2e   0x08005a2e   0x00000002   PAD
    0x08005a30   0x08005a30   0x0000003e   Code   RO          677    .text.HAL_PCD_Start  stm32h7xx_hal_pcd.o
    0x08005a6e   0x08005a6e   0x00000002   PAD
    0x08005a70   0x08005a70   0x00000034   Code   RO         2883    .text.HAL_PCD_SuspendCallback  usbd_conf.o
    0x08005aa4   0x08005aa4   0x00000004   PAD
    0x08005aa8   0x08005aa8   0x0000004c   Code   RO         1240    .text.HAL_PWREx_ConfigSupply  stm32h7xx_hal_pwr_ex.o
    0x08005af4   0x08005af4   0x00000004   PAD
    0x08005af8   0x08005af8   0x00000012   Code   RO         1290    .text.HAL_PWREx_EnableUSBVoltageDetector  stm32h7xx_hal_pwr_ex.o
    0x08005b0a   0x08005b0a   0x00000006   PAD
    0x08005b10   0x08005b10   0x00000026   Code   RO          927    .text.HAL_RCCEx_GetD3PCLK1Freq  stm32h7xx_hal_rcc_ex.o
    0x08005b36   0x08005b36   0x00000002   PAD
    0x08005b38   0x08005b38   0x00000134   Code   RO          921    .text.HAL_RCCEx_GetPLL1ClockFreq  stm32h7xx_hal_rcc_ex.o
    0x08005c6c   0x08005c6c   0x00000004   PAD
    0x08005c70   0x08005c70   0x0000012c   Code   RO          923    .text.HAL_RCCEx_GetPLL2ClockFreq  stm32h7xx_hal_rcc_ex.o
    0x08005d9c   0x08005d9c   0x00000004   PAD
    0x08005da0   0x08005da0   0x0000012c   Code   RO          925    .text.HAL_RCCEx_GetPLL3ClockFreq  stm32h7xx_hal_rcc_ex.o
    0x08005ecc   0x08005ecc   0x00000004   PAD
    0x08005ed0   0x08005ed0   0x000003d2   Code   RO          919    .text.HAL_RCCEx_GetPeriphCLKFreq  stm32h7xx_hal_rcc_ex.o
    0x080062a2   0x080062a2   0x00000006   PAD
    0x080062a8   0x080062a8   0x00000a80   Code   RO          911    .text.HAL_RCCEx_PeriphCLKConfig  stm32h7xx_hal_rcc_ex.o
    0x08006d28   0x08006d28   0x00000254   Code   RO          879    .text.HAL_RCC_ClockConfig  stm32h7xx_hal_rcc.o
    0x08006f7c   0x08006f7c   0x00000004   PAD
    0x08006f80   0x08006f80   0x0000004c   Code   RO          889    .text.HAL_RCC_GetHCLKFreq  stm32h7xx_hal_rcc.o
    0x08006fcc   0x08006fcc   0x00000004   PAD
    0x08006fd0   0x08006fd0   0x00000060   Code   RO          891    .text.HAL_RCC_GetPCLK1Freq  stm32h7xx_hal_rcc.o
    0x08007030   0x08007030   0x00000060   Code   RO          893    .text.HAL_RCC_GetPCLK2Freq  stm32h7xx_hal_rcc.o
    0x08007090   0x08007090   0x00000118   Code   RO          881    .text.HAL_RCC_GetSysClockFreq  stm32h7xx_hal_rcc.o
    0x080071a8   0x080071a8   0x0000052c   Code   RO          877    .text.HAL_RCC_OscConfig  stm32h7xx_hal_rcc.o
    0x080076d4   0x080076d4   0x00000004   PAD
    0x080076d8   0x080076d8   0x00000084   Code   RO         2752    .text.HAL_RS485Ex_Init  stm32h7xx_hal_uart_ex.o
    0x0800775c   0x0800775c   0x00000004   PAD
    0x08007760   0x08007760   0x000001bc   Code   RO         2160    .text.HAL_SPI_Init  stm32h7xx_hal_spi.o
    0x0800791c   0x0800791c   0x00000004   PAD
    0x08007920   0x08007920   0x00000108   Code   RO          467    .text.HAL_SPI_MspInit  spi.o
    0x08007a28   0x08007a28   0x00000298   Code   RO         2168    .text.HAL_SPI_Transmit  stm32h7xx_hal_spi.o
    0x08007cc0   0x08007cc0   0x00000402   Code   RO         2174    .text.HAL_SPI_TransmitReceive  stm32h7xx_hal_spi.o
    0x080080c2   0x080080c2   0x00000006   PAD
    0x080080c8   0x080080c8   0x0000002e   Code   RO         1336    .text.HAL_SYSTICK_Config  stm32h7xx_hal_cortex.o
    0x080080f6   0x080080f6   0x00000002   PAD
    0x080080f8   0x080080f8   0x00000002   Code   RO         2593    .text.HAL_TIMEx_Break2Callback  stm32h7xx_hal_tim_ex.o
    0x080080fa   0x080080fa   0x00000006   PAD
    0x08008100   0x08008100   0x00000002   Code   RO         2591    .text.HAL_TIMEx_BreakCallback  stm32h7xx_hal_tim_ex.o
    0x08008102   0x08008102   0x00000006   PAD
    0x08008108   0x08008108   0x00000002   Code   RO         2587    .text.HAL_TIMEx_CommutCallback  stm32h7xx_hal_tim_ex.o
    0x0800810a   0x0800810a   0x00000006   PAD
    0x08008110   0x08008110   0x000000c4   Code   RO         2573    .text.HAL_TIMEx_ConfigBreakDeadTime  stm32h7xx_hal_tim_ex.o
    0x080081d4   0x080081d4   0x00000004   PAD
    0x080081d8   0x080081d8   0x000000de   Code   RO         2571    .text.HAL_TIMEx_MasterConfigSynchronization  stm32h7xx_hal_tim_ex.o
    0x080082b6   0x080082b6   0x00000002   PAD
    0x080082b8   0x080082b8   0x00000060   Code   RO         2276    .text.HAL_TIM_Base_Init  stm32h7xx_hal_tim.o
    0x08008318   0x08008318   0x000002d4   Code   RO          501    .text.HAL_TIM_Base_MspInit  tim.o
    0x080085ec   0x080085ec   0x00000004   PAD
    0x080085f0   0x080085f0   0x000000dc   Code   RO         2290    .text.HAL_TIM_Base_Start_IT  stm32h7xx_hal_tim.o
    0x080086cc   0x080086cc   0x00000004   PAD
    0x080086d0   0x080086d0   0x00000200   Code   RO         2456    .text.HAL_TIM_ConfigClockSource  stm32h7xx_hal_tim.o
    0x080088d0   0x080088d0   0x00000002   Code   RO         2412    .text.HAL_TIM_IC_CaptureCallback  stm32h7xx_hal_tim.o
    0x080088d2   0x080088d2   0x00000006   PAD
    0x080088d8   0x080088d8   0x0000016c   Code   RO         2410    .text.HAL_TIM_IRQHandler  stm32h7xx_hal_tim.o
    0x08008a44   0x08008a44   0x00000004   PAD
    0x08008a48   0x08008a48   0x00000108   Code   RO          483    .text.HAL_TIM_MspPostInit  tim.o
    0x08008b50   0x08008b50   0x00000002   Code   RO         2414    .text.HAL_TIM_OC_DelayElapsedCallback  stm32h7xx_hal_tim.o
    0x08008b52   0x08008b52   0x00000006   PAD
    0x08008b58   0x08008b58   0x000004b2   Code   RO         2430    .text.HAL_TIM_PWM_ConfigChannel  stm32h7xx_hal_tim.o
    0x0800900a   0x0800900a   0x00000006   PAD
    0x08009010   0x08009010   0x00000060   Code   RO         2330    .text.HAL_TIM_PWM_Init  stm32h7xx_hal_tim.o
    0x08009070   0x08009070   0x00000030   Code   RO          503    .text.HAL_TIM_PWM_MspInit  tim.o
    0x080090a0   0x080090a0   0x00000002   Code   RO          222    .text.HAL_TIM_PWM_PulseFinishedCallback  dshot.o
    0x080090a2   0x080090a2   0x00000006   PAD
    0x080090a8   0x080090a8   0x00000170   Code   RO         2338    .text.HAL_TIM_PWM_Start  stm32h7xx_hal_tim.o
    0x08009218   0x08009218   0x00000ab0   Code   RO          523    .text.HAL_TIM_PeriodElapsedCallback  tim.o
    0x08009cc8   0x08009cc8   0x00000002   Code   RO         2420    .text.HAL_TIM_TriggerCallback  stm32h7xx_hal_tim.o
    0x08009cca   0x08009cca   0x00000006   PAD
    0x08009cd0   0x08009cd0   0x00000036   Code   RO         2770    .text.HAL_UARTEx_DisableFifoMode  stm32h7xx_hal_uart_ex.o
    0x08009d06   0x08009d06   0x00000002   PAD
    0x08009d08   0x08009d08   0x00000002   Code   RO         2697    .text.HAL_UARTEx_RxEventCallback  stm32h7xx_hal_uart.o
    0x08009d0a   0x08009d0a   0x00000006   PAD
    0x08009d10   0x08009d10   0x00000002   Code   RO         2756    .text.HAL_UARTEx_RxFifoFullCallback  stm32h7xx_hal_uart_ex.o
    0x08009d12   0x08009d12   0x00000006   PAD
    0x08009d18   0x08009d18   0x0000008c   Code   RO         2774    .text.HAL_UARTEx_SetRxFifoThreshold  stm32h7xx_hal_uart_ex.o
    0x08009da4   0x08009da4   0x00000004   PAD
    0x08009da8   0x08009da8   0x0000008c   Code   RO         2772    .text.HAL_UARTEx_SetTxFifoThreshold  stm32h7xx_hal_uart_ex.o
    0x08009e34   0x08009e34   0x00000004   PAD
    0x08009e38   0x08009e38   0x00000002   Code   RO         2758    .text.HAL_UARTEx_TxFifoEmptyCallback  stm32h7xx_hal_uart_ex.o
    0x08009e3a   0x08009e3a   0x00000006   PAD
    0x08009e40   0x08009e40   0x00000002   Code   RO         2754    .text.HAL_UARTEx_WakeupCallback  stm32h7xx_hal_uart_ex.o
    0x08009e42   0x08009e42   0x00000006   PAD
    0x08009e48   0x08009e48   0x00000046   Code   RO          598    .text.HAL_UART_ErrorCallback  usart.o
    0x08009e8e   0x08009e8e   0x00000002   PAD
    0x08009e90   0x08009e90   0x00000672   Code   RO         2691    .text.HAL_UART_IRQHandler  stm32h7xx_hal_uart.o
    0x0800a502   0x0800a502   0x00000006   PAD
    0x0800a508   0x0800a508   0x00000064   Code   RO         2607    .text.HAL_UART_Init  stm32h7xx_hal_uart.o
    0x0800a56c   0x0800a56c   0x00000004   PAD
    0x0800a570   0x0800a570   0x0000025e   Code   RO          592    .text.HAL_UART_MspInit  usart.o
    0x0800a7ce   0x0800a7ce   0x00000002   PAD
    0x0800a7d0   0x0800a7d0   0x000000ac   Code   RO         2643    .text.HAL_UART_Receive_IT  stm32h7xx_hal_uart.o
    0x0800a87c   0x0800a87c   0x00000004   PAD
    0x0800a880   0x0800a880   0x0000024e   Code   RO          596    .text.HAL_UART_RxCpltCallback  usart.o
    0x0800aace   0x0800aace   0x00000002   PAD
    0x0800aad0   0x0800aad0   0x000001aa   Code   RO         2627    .text.HAL_UART_Transmit  stm32h7xx_hal_uart.o
    0x0800ac7a   0x0800ac7a   0x00000006   PAD
    0x0800ac80   0x0800ac80   0x00000002   Code   RO         2699    .text.HAL_UART_TxCpltCallback  stm32h7xx_hal_uart.o
    0x0800ac82   0x0800ac82   0x00000006   PAD
    0x0800ac88   0x0800ac88   0x00000002   Code   RO          618    .text.HardFault_Handler  stm32h7xx_it.o
    0x0800ac8a   0x0800ac8a   0x00000006   PAD
    0x0800ac90   0x0800ac90   0x000000a4   Code   RO          389    .text.MX_ADC1_Init  adc.o
    0x0800ad34   0x0800ad34   0x00000004   PAD
    0x0800ad38   0x0800ad38   0x00000032   Code   RO          404    .text.MX_CRC_Init   crc.o
    0x0800ad6a   0x0800ad6a   0x00000006   PAD
    0x0800ad70   0x0800ad70   0x00000064   Code   RO          419    .text.MX_DMA_Init   dma.o
    0x0800add4   0x0800add4   0x00000004   PAD
    0x0800add8   0x0800add8   0x00000064   Code   RO          428    .text.MX_FDCAN1_Init  fdcan.o
    0x0800ae3c   0x0800ae3c   0x00000004   PAD
    0x0800ae40   0x0800ae40   0x00000064   Code   RO          430    .text.MX_FDCAN3_Init  fdcan.o
    0x0800aea4   0x0800aea4   0x00000004   PAD
    0x0800aea8   0x0800aea8   0x000000dc   Code   RO          380    .text.MX_GPIO_Init  gpio.o
    0x0800af84   0x0800af84   0x00000004   PAD
    0x0800af88   0x0800af88   0x00000078   Code   RO          448    .text.MX_OCTOSPI2_Init  octospi.o
    0x0800b000   0x0800b000   0x00000062   Code   RO          463    .text.MX_SPI2_Init  spi.o
    0x0800b062   0x0800b062   0x00000006   PAD
    0x0800b068   0x0800b068   0x0000005e   Code   RO          465    .text.MX_SPI6_Init  spi.o
    0x0800b0c6   0x0800b0c6   0x00000002   PAD
    0x0800b0c8   0x0800b0c8   0x000000c2   Code   RO          489    .text.MX_TIM12_Init  tim.o
    0x0800b18a   0x0800b18a   0x00000006   PAD
    0x0800b190   0x0800b190   0x00000036   Code   RO          491    .text.MX_TIM13_Init  tim.o
    0x0800b1c6   0x0800b1c6   0x00000002   PAD
    0x0800b1c8   0x0800b1c8   0x00000036   Code   RO          493    .text.MX_TIM14_Init  tim.o
    0x0800b1fe   0x0800b1fe   0x00000002   PAD
    0x0800b200   0x0800b200   0x00000076   Code   RO          495    .text.MX_TIM15_Init  tim.o
    0x0800b276   0x0800b276   0x00000002   PAD
    0x0800b278   0x0800b278   0x0000003c   Code   RO          497    .text.MX_TIM16_Init  tim.o
    0x0800b2b4   0x0800b2b4   0x00000004   PAD
    0x0800b2b8   0x0800b2b8   0x0000003c   Code   RO          499    .text.MX_TIM17_Init  tim.o
    0x0800b2f4   0x0800b2f4   0x00000004   PAD
    0x0800b2f8   0x0800b2f8   0x00000116   Code   RO          481    .text.MX_TIM1_Init  tim.o
    0x0800b40e   0x0800b40e   0x00000002   PAD
    0x0800b410   0x0800b410   0x000000ce   Code   RO          485    .text.MX_TIM2_Init  tim.o
    0x0800b4de   0x0800b4de   0x00000002   PAD
    0x0800b4e0   0x0800b4e0   0x0000007e   Code   RO          487    .text.MX_TIM3_Init  tim.o
    0x0800b55e   0x0800b55e   0x00000002   PAD
    0x0800b560   0x0800b560   0x0000007c   Code   RO          584    .text.MX_UART7_Init  usart.o
    0x0800b5dc   0x0800b5dc   0x00000004   PAD
    0x0800b5e0   0x0800b5e0   0x0000007c   Code   RO          590    .text.MX_USART10_UART_Init  usart.o
    0x0800b65c   0x0800b65c   0x00000004   PAD
    0x0800b660   0x0800b660   0x0000007c   Code   RO          586    .text.MX_USART1_UART_Init  usart.o
    0x0800b6dc   0x0800b6dc   0x00000004   PAD
    0x0800b6e0   0x0800b6e0   0x00000080   Code   RO          588    .text.MX_USART3_UART_Init  usart.o
    0x0800b760   0x0800b760   0x0000006c   Code   RO         2807    .text.MX_USB_DEVICE_Init  usb_device.o
    0x0800b7cc   0x0800b7cc   0x00000004   PAD
    0x0800b7d0   0x0800b7d0   0x0000002a   Code   RO           98    .text.MahonyAHRS_init  mahonyahrs.o
    0x0800b7fa   0x0800b7fa   0x00000006   PAD
    0x0800b800   0x0800b800   0x000001e0   Code   RO          104    .text.MahonyAHRSupdateIMU  mahonyahrs.o
    0x0800b9e0   0x0800b9e0   0x000000cc   Code   RO          108    .text.Mahony_computeAngles  mahonyahrs.o
    0x0800baac   0x0800baac   0x00000004   PAD
    0x0800bab0   0x0800bab0   0x00000002   Code   RO          620    .text.MemManage_Handler  stm32h7xx_it.o
    0x0800bab2   0x0800bab2   0x00000006   PAD
    0x0800bab8   0x0800bab8   0x00000002   Code   RO          616    .text.NMI_Handler   stm32h7xx_it.o
    0x0800baba   0x0800baba   0x00000006   PAD
    0x0800bac0   0x0800bac0   0x0000000c   Code   RO          642    .text.OTG_HS_IRQHandler  stm32h7xx_it.o
    0x0800bacc   0x0800bacc   0x00000004   PAD
    0x0800bad0   0x0800bad0   0x00000018   Code   RO           13    .text.PIDController_Init  pid.o
    0x0800bae8   0x0800bae8   0x000000e2   Code   RO           15    .text.PIDController_Update  pid.o
    0x0800bbca   0x0800bbca   0x00000006   PAD
    0x0800bbd0   0x0800bbd0   0x00000012   Code   RO           23    .text.PIDTemp_Init  pid.o
    0x0800bbe2   0x0800bbe2   0x00000006   PAD
    0x0800bbe8   0x0800bbe8   0x00000056   Code   RO           25    .text.PIDTemp_Update  pid.o
    0x0800bc3e   0x0800bc3e   0x00000002   PAD
    0x0800bc40   0x0800bc40   0x0000000c   Code   RO           17    .text.PID_Reset     pid.o
    0x0800bc4c   0x0800bc4c   0x00000004   PAD
    0x0800bc50   0x0800bc50   0x00000002   Code   RO          630    .text.PendSV_Handler  stm32h7xx_it.o
    0x0800bc52   0x0800bc52   0x00000006   PAD
    0x0800bc58   0x0800bc58   0x00000122   Code   RO          913    .text.RCCEx_PLL2_Config  stm32h7xx_hal_rcc_ex.o
    0x0800bd7a   0x0800bd7a   0x00000006   PAD
    0x0800bd80   0x0800bd80   0x00000122   Code   RO          915    .text.RCCEx_PLL3_Config  stm32h7xx_hal_rcc_ex.o
    0x0800bea2   0x0800bea2   0x00000006   PAD
    0x0800bea8   0x0800bea8   0x000000d0   Code   RO         2170    .text.SPI_CloseTransfer  stm32h7xx_hal_spi.o
    0x0800bf78   0x0800bf78   0x00000002   Code   RO          626    .text.SVC_Handler   stm32h7xx_it.o
    0x0800bf7a   0x0800bf7a   0x00000006   PAD
    0x0800bf80   0x0800bf80   0x00000004   Code   RO          632    .text.SysTick_Handler  stm32h7xx_it.o
    0x0800bf84   0x0800bf84   0x00000004   PAD
    0x0800bf88   0x0800bf88   0x000000d4   Code   RO          323    .text.SystemClock_Config  main.o
    0x0800c05c   0x0800c05c   0x00000004   PAD
    0x0800c060   0x0800c060   0x000000b0   Code   RO         2793    .text.SystemInit    system_stm32h7xx.o
    0x0800c110   0x0800c110   0x0000000c   Code   RO          646    .text.TIM15_IRQHandler  stm32h7xx_it.o
    0x0800c11c   0x0800c11c   0x00000004   PAD
    0x0800c120   0x0800c120   0x0000000c   Code   RO          648    .text.TIM16_IRQHandler  stm32h7xx_it.o
    0x0800c12c   0x0800c12c   0x00000004   PAD
    0x0800c130   0x0800c130   0x0000000c   Code   RO          650    .text.TIM17_IRQHandler  stm32h7xx_it.o
    0x0800c13c   0x0800c13c   0x00000004   PAD
    0x0800c140   0x0800c140   0x00000184   Code   RO         2280    .text.TIM_Base_SetConfig  stm32h7xx_hal_tim.o
    0x0800c2c4   0x0800c2c4   0x00000004   PAD
    0x0800c2c8   0x0800c2c8   0x0000000c   Code   RO          644    .text.UART7_IRQHandler  stm32h7xx_it.o
    0x0800c2d4   0x0800c2d4   0x00000004   PAD
    0x0800c2d8   0x0800c2d8   0x000000e0   Code   RO         2611    .text.UART_AdvFeatureConfig  stm32h7xx_hal_uart.o
    0x0800c3b8   0x0800c3b8   0x0000016e   Code   RO         2615    .text.UART_CheckIdleState  stm32h7xx_hal_uart.o
    0x0800c526   0x0800c526   0x00000002   PAD
    0x0800c528   0x0800c528   0x00000010   Code   RO         2693    .text.UART_DMAAbortOnError  stm32h7xx_hal_uart.o
    0x0800c538   0x0800c538   0x000001c4   Code   RO         2733    .text.UART_RxISR_16BIT  stm32h7xx_hal_uart.o
    0x0800c6fc   0x0800c6fc   0x00000004   PAD
    0x0800c700   0x0800c700   0x00000330   Code   RO         2729    .text.UART_RxISR_16BIT_FIFOEN  stm32h7xx_hal_uart.o
    0x0800ca30   0x0800ca30   0x000001c8   Code   RO         2735    .text.UART_RxISR_8BIT  stm32h7xx_hal_uart.o
    0x0800cbf8   0x0800cbf8   0x00000334   Code   RO         2731    .text.UART_RxISR_8BIT_FIFOEN  stm32h7xx_hal_uart.o
    0x0800cf2c   0x0800cf2c   0x00000004   PAD
    0x0800cf30   0x0800cf30   0x000004a0   Code   RO         2613    .text.UART_SetConfig  stm32h7xx_hal_uart.o
    0x0800d3d0   0x0800d3d0   0x00000274   Code   RO         2645    .text.UART_Start_Receive_IT  stm32h7xx_hal_uart.o
    0x0800d644   0x0800d644   0x00000004   PAD
    0x0800d648   0x0800d648   0x00000358   Code   RO         2629    .text.UART_WaitOnFlagUntilTimeout  stm32h7xx_hal_uart.o
    0x0800d9a0   0x0800d9a0   0x0000000c   Code   RO          652    .text.USART10_IRQHandler  stm32h7xx_it.o
    0x0800d9ac   0x0800d9ac   0x00000004   PAD
    0x0800d9b0   0x0800d9b0   0x00000074   Code   RO         3048    .text.USBD_CDC_DataIn  usbd_cdc.o
    0x0800da24   0x0800da24   0x00000004   PAD
    0x0800da28   0x0800da28   0x0000003c   Code   RO         3050    .text.USBD_CDC_DataOut  usbd_cdc.o
    0x0800da64   0x0800da64   0x00000004   PAD
    0x0800da68   0x0800da68   0x0000005a   Code   RO         3042    .text.USBD_CDC_DeInit  usbd_cdc.o
    0x0800dac2   0x0800dac2   0x00000006   PAD
    0x0800dac8   0x0800dac8   0x00000038   Code   RO         3046    .text.USBD_CDC_EP0_RxReady  usbd_cdc.o
    0x0800db00   0x0800db00   0x00000010   Code   RO         3058    .text.USBD_CDC_GetDeviceQualifierDescriptor  usbd_cdc.o
    0x0800db10   0x0800db10   0x00000052   Code   RO         3054    .text.USBD_CDC_GetFSCfgDesc  usbd_cdc.o
    0x0800db62   0x0800db62   0x00000006   PAD
    0x0800db68   0x0800db68   0x00000056   Code   RO         3052    .text.USBD_CDC_GetHSCfgDesc  usbd_cdc.o
    0x0800dbbe   0x0800dbbe   0x00000002   PAD
    0x0800dbc0   0x0800dbc0   0x00000052   Code   RO         3056    .text.USBD_CDC_GetOtherSpeedCfgDesc  usbd_cdc.o
    0x0800dc12   0x0800dc12   0x00000006   PAD
    0x0800dc18   0x0800dc18   0x000000ce   Code   RO         3040    .text.USBD_CDC_Init  usbd_cdc.o
    0x0800dce6   0x0800dce6   0x00000002   PAD
    0x0800dce8   0x0800dce8   0x00000030   Code   RO         3068    .text.USBD_CDC_ReceivePacket  usbd_cdc.o
    0x0800dd18   0x0800dd18   0x00000018   Code   RO         3060    .text.USBD_CDC_RegisterInterface  usbd_cdc.o
    0x0800dd30   0x0800dd30   0x0000001c   Code   RO         3064    .text.USBD_CDC_SetRxBuffer  usbd_cdc.o
    0x0800dd4c   0x0800dd4c   0x00000004   PAD
    0x0800dd50   0x0800dd50   0x00000020   Code   RO         3062    .text.USBD_CDC_SetTxBuffer  usbd_cdc.o
    0x0800dd70   0x0800dd70   0x000000e8   Code   RO         3044    .text.USBD_CDC_Setup  usbd_cdc.o
    0x0800de58   0x0800de58   0x00000012   Code   RO         2955    .text.USBD_ClrClassConfig  usbd_core.o
    0x0800de6a   0x0800de6a   0x00000006   PAD
    0x0800de70   0x0800de70   0x00000004   Code   RO         2963    .text.USBD_CoreFindEP  usbd_core.o
    0x0800de74   0x0800de74   0x00000004   PAD
    0x0800de78   0x0800de78   0x00000004   Code   RO         2961    .text.USBD_CoreFindIF  usbd_core.o
    0x0800de7c   0x0800de7c   0x00000004   PAD
    0x0800de80   0x0800de80   0x00000010   Code   RO         3024    .text.USBD_CtlContinueRx  usbd_ioreq.o
    0x0800de90   0x0800de90   0x00000010   Code   RO         3020    .text.USBD_CtlContinueSendData  usbd_ioreq.o
    0x0800dea0   0x0800dea0   0x00000016   Code   RO         2999    .text.USBD_CtlError  usbd_ctlreq.o
    0x0800deb6   0x0800deb6   0x00000002   PAD
    0x0800deb8   0x0800deb8   0x0000001e   Code   RO         3022    .text.USBD_CtlPrepareRx  usbd_ioreq.o
    0x0800ded6   0x0800ded6   0x00000002   PAD
    0x0800ded8   0x0800ded8   0x00000016   Code   RO         3028    .text.USBD_CtlReceiveStatus  usbd_ioreq.o
    0x0800deee   0x0800deee   0x00000002   PAD
    0x0800def0   0x0800def0   0x0000001a   Code   RO         3018    .text.USBD_CtlSendData  usbd_ioreq.o
    0x0800df0a   0x0800df0a   0x00000006   PAD
    0x0800df10   0x0800df10   0x00000016   Code   RO         3026    .text.USBD_CtlSendStatus  usbd_ioreq.o
    0x0800df26   0x0800df26   0x00000002   PAD
    0x0800df28   0x0800df28   0x00000084   Code   RO         2985    .text.USBD_GetEpDesc  usbd_core.o
    0x0800dfac   0x0800dfac   0x00000004   PAD
    0x0800dfb0   0x0800dfb0   0x00000100   Code   RO         3007    .text.USBD_GetString  usbd_ctlreq.o
    0x0800e0b0   0x0800e0b0   0x00000024   Code   RO         2826    .text.USBD_HS_ConfigStrDescriptor  usbd_desc.o
    0x0800e0d4   0x0800e0d4   0x00000004   PAD
    0x0800e0d8   0x0800e0d8   0x0000000e   Code   RO         2816    .text.USBD_HS_DeviceDescriptor  usbd_desc.o
    0x0800e0e6   0x0800e0e6   0x00000002   PAD
    0x0800e0e8   0x0800e0e8   0x00000028   Code   RO         2828    .text.USBD_HS_InterfaceStrDescriptor  usbd_desc.o
    0x0800e110   0x0800e110   0x0000000e   Code   RO         2818    .text.USBD_HS_LangIDStrDescriptor  usbd_desc.o
    0x0800e11e   0x0800e11e   0x00000002   PAD
    0x0800e120   0x0800e120   0x0000002c   Code   RO         2820    .text.USBD_HS_ManufacturerStrDescriptor  usbd_desc.o
    0x0800e14c   0x0800e14c   0x00000004   PAD
    0x0800e150   0x0800e150   0x0000001c   Code   RO         2822    .text.USBD_HS_ProductStrDescriptor  usbd_desc.o
    0x0800e16c   0x0800e16c   0x00000004   PAD
    0x0800e170   0x0800e170   0x0000016c   Code   RO         2824    .text.USBD_HS_SerialStrDescriptor  usbd_desc.o
    0x0800e2dc   0x0800e2dc   0x00000004   PAD
    0x0800e2e0   0x0800e2e0   0x00000028   Code   RO         2941    .text.USBD_Init     usbd_core.o
    0x0800e308   0x0800e308   0x00000022   Code   RO         2913    .text.USBD_LL_ClearStallEP  usbd_conf.o
    0x0800e32a   0x0800e32a   0x00000006   PAD
    0x0800e330   0x0800e330   0x00000022   Code   RO         2907    .text.USBD_LL_CloseEP  usbd_conf.o
    0x0800e352   0x0800e352   0x00000006   PAD
    0x0800e358   0x0800e358   0x000000b4   Code   RO         2965    .text.USBD_LL_DataInStage  usbd_core.o
    0x0800e40c   0x0800e40c   0x00000004   PAD
    0x0800e410   0x0800e410   0x00000070   Code   RO         2959    .text.USBD_LL_DataOutStage  usbd_core.o
    0x0800e480   0x0800e480   0x00000004   Code   RO         2981    .text.USBD_LL_DevConnected  usbd_core.o
    0x0800e484   0x0800e484   0x00000004   PAD
    0x0800e488   0x0800e488   0x00000020   Code   RO         2983    .text.USBD_LL_DevDisconnected  usbd_core.o
    0x0800e4a8   0x0800e4a8   0x00000008   Code   RO         2923    .text.USBD_LL_GetRxDataSize  usbd_conf.o
    0x0800e4b0   0x0800e4b0   0x00000072   Code   RO         2895    .text.USBD_LL_Init  usbd_conf.o
    0x0800e522   0x0800e522   0x00000006   PAD
    0x0800e528   0x0800e528   0x0000002a   Code   RO         2915    .text.USBD_LL_IsStallEP  usbd_conf.o
    0x0800e552   0x0800e552   0x00000006   PAD
    0x0800e558   0x0800e558   0x0000002c   Code   RO         2977    .text.USBD_LL_IsoINIncomplete  usbd_core.o
    0x0800e584   0x0800e584   0x00000004   PAD
    0x0800e588   0x0800e588   0x0000002c   Code   RO         2979    .text.USBD_LL_IsoOUTIncomplete  usbd_core.o
    0x0800e5b4   0x0800e5b4   0x00000004   PAD
    0x0800e5b8   0x0800e5b8   0x00000028   Code   RO         2905    .text.USBD_LL_OpenEP  usbd_conf.o
    0x0800e5e0   0x0800e5e0   0x00000022   Code   RO         2921    .text.USBD_LL_PrepareReceive  usbd_conf.o
    0x0800e602   0x0800e602   0x00000006   PAD
    0x0800e608   0x0800e608   0x00000060   Code   RO         2967    .text.USBD_LL_Reset  usbd_core.o
    0x0800e668   0x0800e668   0x00000014   Code   RO         2973    .text.USBD_LL_Resume  usbd_core.o
    0x0800e67c   0x0800e67c   0x00000004   PAD
    0x0800e680   0x0800e680   0x0000001e   Code   RO         2975    .text.USBD_LL_SOF   usbd_core.o
    0x0800e69e   0x0800e69e   0x00000002   PAD
    0x0800e6a0   0x0800e6a0   0x00000008   Code   RO         2969    .text.USBD_LL_SetSpeed  usbd_core.o
    0x0800e6a8   0x0800e6a8   0x00000022   Code   RO         2917    .text.USBD_LL_SetUSBAddress  usbd_conf.o
    0x0800e6ca   0x0800e6ca   0x00000006   PAD
    0x0800e6d0   0x0800e6d0   0x00000062   Code   RO         2957    .text.USBD_LL_SetupStage  usbd_core.o
    0x0800e732   0x0800e732   0x00000006   PAD
    0x0800e738   0x0800e738   0x00000022   Code   RO         2911    .text.USBD_LL_StallEP  usbd_conf.o
    0x0800e75a   0x0800e75a   0x00000006   PAD
    0x0800e760   0x0800e760   0x00000022   Code   RO         2901    .text.USBD_LL_Start  usbd_conf.o
    0x0800e782   0x0800e782   0x00000006   PAD
    0x0800e788   0x0800e788   0x0000001c   Code   RO         2971    .text.USBD_LL_Suspend  usbd_core.o
    0x0800e7a4   0x0800e7a4   0x00000004   PAD
    0x0800e7a8   0x0800e7a8   0x00000022   Code   RO         2919    .text.USBD_LL_Transmit  usbd_conf.o
    0x0800e7ca   0x0800e7ca   0x00000006   PAD
    0x0800e7d0   0x0800e7d0   0x00000016   Code   RO         3005    .text.USBD_ParseSetupRequest  usbd_ctlreq.o
    0x0800e7e6   0x0800e7e6   0x00000002   PAD
    0x0800e7e8   0x0800e7e8   0x00000046   Code   RO         2945    .text.USBD_RegisterClass  usbd_core.o
    0x0800e82e   0x0800e82e   0x00000002   PAD
    0x0800e830   0x0800e830   0x00000010   Code   RO         2953    .text.USBD_SetClassConfig  usbd_core.o
    0x0800e840   0x0800e840   0x00000004   Code   RO         2947    .text.USBD_Start    usbd_core.o
    0x0800e844   0x0800e844   0x00000004   PAD
    0x0800e848   0x0800e848   0x0000038e   Code   RO         2997    .text.USBD_StdDevReq  usbd_ctlreq.o
    0x0800ebd6   0x0800ebd6   0x00000002   PAD
    0x0800ebd8   0x0800ebd8   0x0000016a   Code   RO         3003    .text.USBD_StdEPReq  usbd_ctlreq.o
    0x0800ed42   0x0800ed42   0x00000006   PAD
    0x0800ed48   0x0800ed48   0x00000078   Code   RO         3001    .text.USBD_StdItfReq  usbd_ctlreq.o
    0x0800edc0   0x0800edc0   0x00000002   Code   RO         2927    .text.USBD_static_free  usbd_conf.o
    0x0800edc2   0x0800edc2   0x00000006   PAD
    0x0800edc8   0x0800edc8   0x0000000a   Code   RO         2925    .text.USBD_static_malloc  usbd_conf.o
    0x0800edd2   0x0800edd2   0x00000006   PAD
    0x0800edd8   0x0800edd8   0x00000086   Code   RO          793    .text.USB_ActivateEndpoint  stm32h7xx_ll_usb.o
    0x0800ee5e   0x0800ee5e   0x00000002   PAD
    0x0800ee60   0x0800ee60   0x00000020   Code   RO          835    .text.USB_ActivateSetup  stm32h7xx_ll_usb.o
    0x0800ee80   0x0800ee80   0x0000022e   Code   RO          771    .text.USB_CoreInit  stm32h7xx_ll_usb.o
    0x0800f0ae   0x0800f0ae   0x00000002   PAD
    0x0800f0b0   0x0800f0b0   0x0000007c   Code   RO          797    .text.USB_DeactivateEndpoint  stm32h7xx_ll_usb.o
    0x0800f12c   0x0800f12c   0x00000004   PAD
    0x0800f130   0x0800f130   0x0000001e   Code   RO          817    .text.USB_DevConnect  stm32h7xx_ll_usb.o
    0x0800f14e   0x0800f14e   0x00000002   PAD
    0x0800f150   0x0800f150   0x0000001e   Code   RO          819    .text.USB_DevDisconnect  stm32h7xx_ll_usb.o
    0x0800f16e   0x0800f16e   0x00000002   PAD
    0x0800f170   0x0800f170   0x000004ac   Code   RO          783    .text.USB_DevInit   stm32h7xx_ll_usb.o
    0x0800f61c   0x0800f61c   0x00000004   PAD
    0x0800f620   0x0800f620   0x0000000e   Code   RO          777    .text.USB_DisableGlobalInt  stm32h7xx_ll_usb.o
    0x0800f62e   0x0800f62e   0x00000002   PAD
    0x0800f630   0x0800f630   0x0000005a   Code   RO          837    .text.USB_EP0_OutStart  stm32h7xx_ll_usb.o
    0x0800f68a   0x0800f68a   0x00000006   PAD
    0x0800f690   0x0800f690   0x00000052   Code   RO          811    .text.USB_EPClearStall  stm32h7xx_ll_usb.o
    0x0800f6e2   0x0800f6e2   0x00000006   PAD
    0x0800f6e8   0x0800f6e8   0x00000040   Code   RO          809    .text.USB_EPSetStall  stm32h7xx_ll_usb.o
    0x0800f728   0x0800f728   0x0000021a   Code   RO          801    .text.USB_EPStartXfer  stm32h7xx_ll_usb.o
    0x0800f942   0x0800f942   0x00000006   PAD
    0x0800f948   0x0800f948   0x0000010e   Code   RO          805    .text.USB_EPStopXfer  stm32h7xx_ll_usb.o
    0x0800fa56   0x0800fa56   0x00000002   PAD
    0x0800fa58   0x0800fa58   0x0000000e   Code   RO          775    .text.USB_EnableGlobalInt  stm32h7xx_ll_usb.o
    0x0800fa66   0x0800fa66   0x00000002   PAD
    0x0800fa68   0x0800fa68   0x000000be   Code   RO          787    .text.USB_FlushTxFifo  stm32h7xx_ll_usb.o
    0x0800fb26   0x0800fb26   0x00000002   PAD
    0x0800fb28   0x0800fb28   0x0000001a   Code   RO          791    .text.USB_GetDevSpeed  stm32h7xx_ll_usb.o
    0x0800fb42   0x0800fb42   0x00000006   PAD
    0x0800fb48   0x0800fb48   0x00000008   Code   RO          781    .text.USB_GetMode   stm32h7xx_ll_usb.o
    0x0800fb50   0x0800fb50   0x0000000e   Code   RO          827    .text.USB_ReadDevAllInEpInterrupt  stm32h7xx_ll_usb.o
    0x0800fb5e   0x0800fb5e   0x00000002   PAD
    0x0800fb60   0x0800fb60   0x0000000e   Code   RO          825    .text.USB_ReadDevAllOutEpInterrupt  stm32h7xx_ll_usb.o
    0x0800fb6e   0x0800fb6e   0x00000002   PAD
    0x0800fb70   0x0800fb70   0x00000024   Code   RO          831    .text.USB_ReadDevInEPInterrupt  stm32h7xx_ll_usb.o
    0x0800fb94   0x0800fb94   0x00000004   PAD
    0x0800fb98   0x0800fb98   0x00000010   Code   RO          829    .text.USB_ReadDevOutEPInterrupt  stm32h7xx_ll_usb.o
    0x0800fba8   0x0800fba8   0x00000008   Code   RO          821    .text.USB_ReadInterrupts  stm32h7xx_ll_usb.o
    0x0800fbb0   0x0800fbb0   0x000000ae   Code   RO          807    .text.USB_ReadPacket  stm32h7xx_ll_usb.o
    0x0800fc5e   0x0800fc5e   0x00000002   PAD
    0x0800fc60   0x0800fc60   0x00000368   Code   RO          779    .text.USB_SetCurrentMode  stm32h7xx_ll_usb.o
    0x0800ffc8   0x0800ffc8   0x00000022   Code   RO          815    .text.USB_SetDevAddress  stm32h7xx_ll_usb.o
    0x0800ffea   0x0800ffea   0x00000006   PAD
    0x0800fff0   0x0800fff0   0x00000118   Code   RO          773    .text.USB_SetTurnaroundTime  stm32h7xx_ll_usb.o
    0x08010108   0x08010108   0x00000078   Code   RO          803    .text.USB_WritePacket  stm32h7xx_ll_usb.o
    0x08010180   0x08010180   0x00000002   Code   RO          624    .text.UsageFault_Handler  stm32h7xx_it.o
    0x08010182   0x08010182   0x00000006   PAD
    0x08010188   0x08010188   0x000001d6   Code   RO          236    .text.WS2812_Ctrl   ws2812.o
    0x0801035e   0x0801035e   0x00000002   PAD
    0x08010360   0x08010360   0x000000d6   Code   RO          136    .text.WorldToBodyFromMahony_xyz  mahonyahrs.o
    0x08010436   0x08010436   0x00000002   PAD
    0x08010438   0x08010438   0x00000256   Code   RO           49    .text.bmi088_accel_init  bmi088driver.o
    0x0801068e   0x0801068e   0x00000002   PAD
    0x08010690   0x08010690   0x0000021a   Code   RO           51    .text.bmi088_gyro_init  bmi088driver.o
    0x080108aa   0x080108aa   0x00000006   PAD
    0x080108b0   0x080108b0   0x00000448   Code   RO          216    .text.dshot_write   dshot.o
    0x08010cf8   0x08010cf8   0x000000f4   Code   RO          218    .text.esc_init      dshot.o
    0x08010dec   0x08010dec   0x00000004   PAD
    0x08010df0   0x08010df0   0x000000d2   Code   RO          220    .text.esc_set_speed  dshot.o
    0x08010ec2   0x08010ec2   0x00000006   PAD
    0x08010ec8   0x08010ec8   0x00000080   Code   RO          267    .text.filter_rc_bandstop_init  filter_rc_bandpass.o
    0x08010f48   0x08010f48   0x00000060   Code   RO          269    .text.filter_rc_bandstop_process  filter_rc_bandpass.o
    0x08010fa8   0x08010fa8   0x00000050   Code   RO          273    .text.filter_rc_lowpass_init  filter_rc_bandpass.o
    0x08010ff8   0x08010ff8   0x0000002e   Code   RO          275    .text.filter_rc_lowpass_process  filter_rc_bandpass.o
    0x08011026   0x08011026   0x00000002   PAD
    0x08011028   0x08011028   0x00000cee   Code   RO          321    .text.main          main.o
    0x08011d16   0x08011d16   0x00000002   PAD
    0x08011d18   0x08011d18   0x00000028   Code   RO          307    .text.micolink_decode  mtf01.o
    0x08011d40   0x08011d40   0x00000182   Code   RO          309    .text.micolink_parse_char  mtf01.o
    0x08011ec2   0x08011ec2   0x00000006   PAD
    0x08011ec8   0x08011ec8   0x0000002c   Code   RO          283    .text.movavg_init   filter_rc_bandpass.o
    0x08011ef4   0x08011ef4   0x00000004   PAD
    0x08011ef8   0x08011ef8   0x0000008e   Code   RO          285    .text.movavg_process  filter_rc_bandpass.o
    0x08011f86   0x08011f86   0x00000002   PAD
    0x08011f88   0x08011f88   0x000000f2   Code   RO          122    .text.turn_body_to_world  mahonyahrs.o
    0x0801207a   0x0801207a   0x0000003e   Code   RO         3333    CL$$btod_d2e        c_w.l(btod.o)
    0x080120b8   0x080120b8   0x00000046   Code   RO         3335    CL$$btod_d2e_denorm_low  c_w.l(btod.o)
    0x080120fe   0x080120fe   0x00000060   Code   RO         3334    CL$$btod_d2e_norm_op1  c_w.l(btod.o)
    0x0801215e   0x0801215e   0x00000002   PAD
    0x08012160   0x08012160   0x00000338   Code   RO         3343    CL$$btod_div_common  c_w.l(btod.o)
    0x08012498   0x08012498   0x000000dc   Code   RO         3340    CL$$btod_e2e        c_w.l(btod.o)
    0x08012574   0x08012574   0x0000002a   Code   RO         3337    CL$$btod_ediv       c_w.l(btod.o)
    0x0801259e   0x0801259e   0x0000002a   Code   RO         3336    CL$$btod_emul       c_w.l(btod.o)
    0x080125c8   0x080125c8   0x00000244   Code   RO         3342    CL$$btod_mult_common  c_w.l(btod.o)
    0x0801280c   0x0801280c   0x00000030   Code   RO         3261    i.__ARM_fpclassify  m_wv.l(fpclassify.o)
    0x0801283c   0x0801283c   0x00000004   PAD
    0x08012840   0x08012840   0x000001f0   Code   RO         3159    i.__hardfp_asin     m_wv.l(asin.o)
    0x08012a30   0x08012a30   0x000001d4   Code   RO         3234    i.__hardfp_atan     m_wv.l(atan.o)
    0x08012c04   0x08012c04   0x00000004   PAD
    0x08012c08   0x08012c08   0x000001c8   Code   RO         3172    i.__hardfp_atan2    m_wv.l(atan2.o)
    0x08012dd0   0x08012dd0   0x00000048   Code   RO         3203    i.__hardfp_lrintf   m_wv.l(lrintf.o)
    0x08012e18   0x08012e18   0x00000070   Code   RO         3279    i.__kernel_poly     m_wv.l(poly.o)
    0x08012e88   0x08012e88   0x00000006   Code   RO         3242    i.__mathlib_dbl_infnan  m_wv.l(dunder.o)
    0x08012e8e   0x08012e8e   0x00000006   Code   RO         3243    i.__mathlib_dbl_infnan2  m_wv.l(dunder.o)
    0x08012e94   0x08012e94   0x00000004   PAD
    0x08012e98   0x08012e98   0x00000018   Code   RO         3244    i.__mathlib_dbl_invalid  m_wv.l(dunder.o)
    0x08012eb0   0x08012eb0   0x00000018   Code   RO         3247    i.__mathlib_dbl_underflow  m_wv.l(dunder.o)
    0x08012ec8   0x08012ec8   0x0000000e   Code   RO         3123    i._is_digit         c_w.l(__printf_wp.o)
    0x08012ed6   0x08012ed6   0x00000010   Code   RO         3236    i.atan              m_wv.l(atan.o)
    0x08012ee6   0x08012ee6   0x00000018   Code   RO         3257    i.fabs              m_wv.l(fabs.o)
    0x08012efe   0x08012efe   0x0000006a   Code   RO         3287    i.sqrt              m_wv.l(sqrt.o)
    0x08012f68   0x08012f68   0x0000002c   Code   RO         3358    locale$$code        c_w.l(lc_numeric_c.o)
    0x08012f94   0x08012f94   0x0000000e   Code   RO         3228    x$fpl$ffixr         fz_wv.l(ffix.o)
    0x08012fa2   0x08012fa2   0x0000008c   Code   RO         3360    x$fpl$fnaninf       fz_wv.l(fnaninf.o)
    0x0801302e   0x0801302e   0x0000001a   Code   RO         3444    x$fpl$fpinit        fz_wv.l(fpinit.o)
    0x08013048   0x08013048   0x00000060   Code   RO         3231    x$fpl$frnd          fz_wv.l(frnd.o)
    0x080130a8   0x080130a8   0x00000004   Code   RO         3151    x$fpl$printf1       fz_wv.l(printf1.o)
    0x080130ac   0x080130ac   0x00000000   Code   RO         3233    x$fpl$usenofp       fz_wv.l(usenofp.o)
    0x080130ac   0x080130ac   0x00000004   PAD
    0x080130b0   0x080130b0   0x00000050   Data   RO         3162    .constdata          m_wv.l(asin.o)
    0x08013100   0x08013100   0x00000098   Data   RO         3237    .constdata          m_wv.l(atan.o)
    0x08013198   0x08013198   0x00000008   Data   RO         3281    .constdata          m_wv.l(qnan.o)
    0x080131a0   0x080131a0   0x00000094   Data   RO         3331    .constdata          c_w.l(bigflt0.o)
    0x08013234   0x08013234   0x0000004c   Data   RO         2060    .rodata..L__const.HAL_FDCAN_Init.CvtEltSize  stm32h7xx_hal_fdcan.o
    0x08013280   0x08013280   0x00000006   Data   RO         2742    .rodata..Lswitch.table.UART_SetConfig.7  stm32h7xx_hal_uart.o
    0x08013286   0x08013286   0x00000006   Data   RO         2743    .rodata..Lswitch.table.UART_SetConfig.9  stm32h7xx_hal_uart.o
    0x0801328c   0x0801328c   0x00000010   Data   RO         2797    .rodata.D1CorePrescTable  system_stm32h7xx.o
    0x0801329c   0x0801329c   0x00000018   Data   RO         2741    .rodata.UARTPrescTable  stm32h7xx_hal_uart.o
    0x080132b4   0x080132b4   0x00000010   Data   RO         2784    .rodata.cst8        stm32h7xx_hal_uart_ex.o
    0x080132c4   0x080132c4   0x00000003   Data   RO          172    .rodata.head_lq     crsf.o
    0x080132c7   0x080132c7   0x00000003   Data   RO          171    .rodata.head_rc     crsf.o
    0x080132ca   0x080132ca   0x0000006f   Data   RO          344    .rodata.str1.1      main.o
    0x08013339   0x08013339   0x00000012   Data   RO           55    .rodata.write_BMI088_accel_reg_data_error  bmi088driver.o
    0x0801334b   0x0801334b   0x00000012   Data   RO           56    .rodata.write_BMI088_gyro_reg_data_error  bmi088driver.o
    0x0801335d   0x0801335d   0x00000003   PAD
    0x08013360   0x08013360   0x00000030   Data   RO         3520    Region$$Table       anon$$obj.o
    0x08013390   0x08013390   0x0000001c   Data   RO         3357    locale$$data        c_w.l(lc_numeric_c.o)


    Execution Region RW_IRAM1 (Exec base: 0x20000000, Load base: 0x080133ac, Size: 0x00010000, Max: 0x00020000, ABSOLUTE)

    Exec Addr    Load Addr    Size         Type   Attr      Idx    E Section Name        Object

    0x20000000        -       0x00010000   Zero   RW            1    STACK               startup_stm32h723xx.o


    Execution Region RW_IRAM2 (Exec base: 0x24000000, Load base: 0x080133b0, Size: 0x000052d0, Max: 0x00020000, ABSOLUTE)

    Exec Addr    Load Addr    Size         Type   Attr      Idx    E Section Name        Object

    0x24000000   0x080133b0   0x00000008   Data   RW           57    .data..L_MergedGlobals  bmi088driver.o
    0x24000008   0x080133b8   0x0000000c   Data   RW          361    .data..L_MergedGlobals  main.o
    0x24000014   0x080133c4   0x00000008   Data   RW          572    .data..L_MergedGlobals  tim.o
    0x2400001c   0x080133cc   0x00000008   Data   RW         1485    .data..L_MergedGlobals  stm32h7xx_hal.o
    0x24000024   0x080133d4   0x00000008   Data   RW         2798    .data..L_MergedGlobals  system_stm32h7xx.o
    0x2400002c   0x080133dc   0x00000020   Data   RW         2832    .data.HS_Desc       usbd_desc.o
    0x2400004c   0x080133fc   0x00000038   Data   RW         3070    .data.USBD_CDC      usbd_cdc.o
    0x24000084   0x08013434   0x00000043   Data   RW         3072    .data.USBD_CDC_CfgDesc  usbd_cdc.o
    0x240000c7   0x08013477   0x00000001   PAD
    0x240000c8   0x08013478   0x0000000a   Data   RW         3071    .data.USBD_CDC_DeviceQualifierDesc  usbd_cdc.o
    0x240000d2   0x08013482   0x00000002   PAD
    0x240000d4   0x08013484   0x00000012   Data   RW         2833    .data.USBD_HS_DeviceDesc  usbd_desc.o
    0x240000e6   0x08013496   0x00000002   PAD
    0x240000e8   0x08013498   0x00000014   Data   RW         2858    .data.USBD_Interface_fops_HS  usbd_cdc_if.o
    0x240000fc   0x080134ac   0x00000004   Data   RW         2835    .data.USBD_LangIDDesc  usbd_desc.o
    0x24000100   0x080134b0   0x0000001a   Data   RW         2836    .data.USBD_StringSerial  usbd_desc.o
    0x2400011a   0x080134ca   0x00000006   PAD
    0x24000120        -       0x00000060   Zero   RW         3365    .bss                c_w.l(libspace.o)
    0x24000180        -       0x00000054   Zero   RW          227    .bss..L_MergedGlobals  dshot.o
    0x240001d4        -       0x00000060   Zero   RW          607    .bss..L_MergedGlobals  usart.o
    0x24000234        -       0x00000074   Zero   RW          362    .bss..L_MergedGlobals.1  main.o
    0x240002a8        -       0x00000078   Zero   RW          573    .bss..L_MergedGlobals.1  tim.o
    0x24000320        -       0x00000078   Zero   RW          371    .bss..L_MergedGlobals.10  main.o
    0x24000398        -       0x00000078   Zero   RW          363    .bss..L_MergedGlobals.2  main.o
    0x24000410        -       0x00000078   Zero   RW          574    .bss..L_MergedGlobals.2  tim.o
    0x24000488        -       0x00000078   Zero   RW          364    .bss..L_MergedGlobals.3  main.o
    0x24000500        -       0x0000005c   Zero   RW          575    .bss..L_MergedGlobals.3  tim.o
    0x2400055c        -       0x0000006c   Zero   RW          365    .bss..L_MergedGlobals.4  main.o
    0x240005c8        -       0x0000006c   Zero   RW          366    .bss..L_MergedGlobals.5  main.o
    0x24000634        -       0x0000006c   Zero   RW          367    .bss..L_MergedGlobals.6  main.o
    0x240006a0        -       0x00000070   Zero   RW          368    .bss..L_MergedGlobals.7  main.o
    0x24000710        -       0x00000078   Zero   RW          369    .bss..L_MergedGlobals.8  main.o
    0x24000788        -       0x00000050   Zero   RW          370    .bss..L_MergedGlobals.9  main.o
    0x240007d8        -       0x00000004   Zero   RW          438    .bss.HAL_RCC_FDCAN_CLK_ENABLED  fdcan.o
    0x240007dc        -       0x00000001   Zero   RW         3009    .bss.USBD_SetConfig.cfgidx  usbd_ctlreq.o
    0x240007dd   0x080134ca   0x00000003   PAD
    0x240007e0        -       0x00000200   Zero   RW         2837    .bss.USBD_StrDesc   usbd_desc.o
    0x240009e0        -       0x00000220   Zero   RW         2932    .bss.USBD_static_malloc.mem  usbd_conf.o
    0x24000c00        -       0x00000800   Zero   RW         2859    .bss.UserRxBufferHS  usbd_cdc_if.o
    0x24001400        -       0x00000800   Zero   RW         2860    .bss.UserTxBufferHS  usbd_cdc_if.o
    0x24001c00        -       0x0000000c   Zero   RW          571    .bss.angle          tim.o
    0x24001c0c        -       0x000002dc   Zero   RW         2809    .bss.hUsbDeviceHS   usb_device.o
    0x24001ee8        -       0x00000070   Zero   RW          395    .bss.hadc1          adc.o
    0x24001f58        -       0x00000024   Zero   RW          410    .bss.hcrc           crc.o
    0x24001f7c        -       0x00000078   Zero   RW          533    .bss.hdma_tim1_ch1  tim.o
    0x24001ff4        -       0x00000078   Zero   RW          534    .bss.hdma_tim1_ch3  tim.o
    0x2400206c        -       0x00000078   Zero   RW          535    .bss.hdma_tim2_ch1  tim.o
    0x240020e4        -       0x00000078   Zero   RW          536    .bss.hdma_tim2_ch3  tim.o
    0x2400215c        -       0x000000a0   Zero   RW          436    .bss.hfdcan1        fdcan.o
    0x240021fc        -       0x000000a0   Zero   RW          437    .bss.hfdcan3        fdcan.o
    0x2400229c        -       0x00000040   Zero   RW          337    .bss.hight_position_pid  main.o
    0x240022dc        -       0x00000040   Zero   RW          338    .bss.hight_speed_pid  main.o
    0x2400231c        -       0x0000005c   Zero   RW          454    .bss.hospi2         octospi.o
    0x24002378        -       0x000004e4   Zero   RW         2931    .bss.hpcd_USB_OTG_HS  usbd_conf.o
    0x2400285c        -       0x00000088   Zero   RW          471    .bss.hspi2          spi.o
    0x240028e4        -       0x00000088   Zero   RW          472    .bss.hspi6          spi.o
    0x2400296c        -       0x0000004c   Zero   RW          525    .bss.htim1          tim.o
    0x240029b8        -       0x0000004c   Zero   RW          527    .bss.htim12         tim.o
    0x24002a04        -       0x0000004c   Zero   RW          528    .bss.htim13         tim.o
    0x24002a50        -       0x0000004c   Zero   RW          529    .bss.htim14         tim.o
    0x24002a9c        -       0x0000004c   Zero   RW          530    .bss.htim15         tim.o
    0x24002ae8        -       0x0000004c   Zero   RW          531    .bss.htim16         tim.o
    0x24002b34        -       0x0000004c   Zero   RW          532    .bss.htim17         tim.o
    0x24002b80        -       0x0000004c   Zero   RW          526    .bss.htim2          tim.o
    0x24002bcc        -       0x00000094   Zero   RW          601    .bss.huart1         usart.o
    0x24002c60        -       0x00000094   Zero   RW          603    .bss.huart10        usart.o
    0x24002cf4        -       0x00000094   Zero   RW          602    .bss.huart3         usart.o
    0x24002d88        -       0x00000094   Zero   RW          600    .bss.huart7         usart.o
    0x24002e1c        -       0x0000000c   Zero   RW          606    .bss.lqData         usart.o
    0x24002e28        -       0x00000048   Zero   RW          224    .bss.motor2_dmabuffer  dshot.o
    0x24002e70        -       0x00000048   Zero   RW          225    .bss.motor3_dmabuffer  dshot.o
    0x24002eb8        -       0x00000048   Zero   RW          226    .bss.motor4_dmabuffer  dshot.o
    0x24002f00        -       0x00000049   Zero   RW          604    .bss.msg            usart.o
    0x24002f49   0x080134ca   0x00000003   PAD
    0x24002f4c        -       0x00000040   Zero   RW          336    .bss.pid_temp       main.o
    0x24002f8c        -       0x00000018   Zero   RW          605    .bss.rcData         usart.o
    0x24002fa4        -       0x000000e6   Zero   RW          343    .bss.str            main.o
    0x2400308a   0x080134ca   0x00000002   PAD
    0x2400308c        -       0x00000004   Zero   RW         1484    .bss.uwTick         stm32h7xx_hal.o
    0x24003090        -       0x00000040   Zero   RW          333    .bss.x_Angle        main.o
    0x240030d0        -       0x00000040   Zero   RW          341    .bss.x_position_pid  main.o
    0x24003110        -       0x00000040   Zero   RW          339    .bss.x_uav_speed_pid  main.o
    0x24003150        -       0x00000040   Zero   RW          334    .bss.y_Angle        main.o
    0x24003190        -       0x00000040   Zero   RW          342    .bss.y_position_pid  main.o
    0x240031d0        -       0x00000040   Zero   RW          331    .bss.y_speed_pid    main.o
    0x24003210        -       0x00000040   Zero   RW          340    .bss.y_uav_speed_pid  main.o
    0x24003250        -       0x00000040   Zero   RW          335    .bss.z_Angle        main.o
    0x24003290        -       0x00000040   Zero   RW          332    .bss.z_speed_pid    main.o
    0x240032d0        -       0x00002000   Zero   RW            2    HEAP                startup_stm32h723xx.o


==============================================================================

Image component sizes


      Code (inc. data)   RO Data    RW Data    ZI Data      Debug   Object Name

       272          0          0          0        112       7347   adc.o
      1570          0         36          8          0       5795   bmi088driver.o
       282          0          0          0          0       3902   bmi088middleware.o
        94          0          0          0         36       3688   crc.o
       184          0          6          0          0       2250   crsf.o
       100          0          0          0          0       5358   dma.o
      1552         32          0          0        300      11083   dshot.o
       466          0          0          0        324       8772   fdcan.o
       536         12          0          0          0       8079   filter_rc_bandpass.o
       220          0          0          0          0       3012   gpio.o
      1182         12          0          0          0      47691   mahonyahrs.o
      3532        104        111         12       2110      13354   main.o
       426         10          0          0          0       3492   mtf01.o
       448          0          0          0         92       9013   octospi.o
       366          0          0          0          0       5776   pid.o
       456          0          0          0        272       8637   spi.o
        64         26        716          0      73728        808   startup_stm32h723xx.o
       258          0          0          8          4      15914   stm32h7xx_hal.o
      2342         12          0          0          0      31087   stm32h7xx_hal_adc.o
       176          0          0          0          0      32016   stm32h7xx_hal_adc_ex.o
       354          0          0          0          0      12361   stm32h7xx_hal_cortex.o
       126          0          0          0          0       7544   stm32h7xx_hal_crc.o
       110          4          0          0          0       2753   stm32h7xx_hal_crc_ex.o
      6070         98          0          0          0      17631   stm32h7xx_hal_dma.o
      1020          0         76          0          0      61521   stm32h7xx_hal_fdcan.o
       432          0          0          0          0       6925   stm32h7xx_hal_gpio.o
        32          0          0          0          0       2181   stm32h7xx_hal_msp.o
      1822          0          0          0          0      30244   stm32h7xx_hal_ospi.o
      3702          0          0          0          0      17271   stm32h7xx_hal_pcd.o
       254          0          0          0          0       6358   stm32h7xx_hal_pcd_ex.o
        94          0          0          0          0       9538   stm32h7xx_hal_pwr_ex.o
      2468         16          0          0          0      11278   stm32h7xx_hal_rcc.o
      5192        212          0          0          0      19545   stm32h7xx_hal_rcc_ex.o
      2342          0          0          0          0      23336   stm32h7xx_hal_spi.o
      3252         20          0          0          0      66533   stm32h7xx_hal_tim.o
       424          0          0          0          0      26725   stm32h7xx_hal_tim_ex.o
      8170        332         36          0          0      43066   stm32h7xx_hal_uart.o
       472          0         16          0          0      11453   stm32h7xx_hal_uart_ex.o
       140          0          0          0          0       9701   stm32h7xx_it.o
      4968          0          0          0          0      39850   stm32h7xx_ll_usb.o
       176          0         16          8          0       5221   system_stm32h7xx.o
      4922         80          0          8       1432      23301   tim.o
      1766          0          0          0        797      15617   usart.o
       108          0          0          0        732       3234   usb_device.o
      1158         12          0        133          0      11936   usbd_cdc.o
        84          0          0         20       4096       4867   usbd_cdc_if.o
       762          0          0          0       1796      22237   usbd_conf.o
       984          0          0          0          0      11288   usbd_core.o
      1692         36          0          0          1      11207   usbd_ctlreq.o
       540         52          0         80        512       4329   usbd_desc.o
       132          0          0          0          0       4701   usbd_ioreq.o
       470          0          0          0          0       1928   ws2812.o

    ----------------------------------------------------------------------
     69682       1102       1064        284      86356     772754   Object Totals
         0          0         48          0          0          0   (incl. Generated)
       918         32          3          7         12          0   (incl. Padding)

    ----------------------------------------------------------------------

      Code (inc. data)   RO Data    RW Data    ZI Data      Debug   Library Member Name

         8          0          0          0          0         68   __main.o
       284          0          0          0          0        156   __printf_wp.o
         0          0          0          0          0          0   __rtentry.o
        12          0          0          0          0          0   __rtentry2.o
         6          0          0          0          0          0   __rtentry4.o
        94          8          0          0          0          0   __scatter.o
        26          0          0          0          0          0   __scatter_copy.o
        28          0          0          0          0          0   __scatter_zi.o
        48          6          0          0          0         96   _printf_char_common.o
         6          0          0          0          0          0   _printf_d.o
       120         16          0          0          0         92   _printf_dec.o
         6          0          0          0          0          0   _printf_f.o
      1052          0          0          0          0        148   _printf_fp_dec.o
       128         16          0          0          0         84   _printf_fp_infnan.o
       178          0          0          0          0         88   _printf_intcommon.o
         0          0          0          0          0          0   _printf_percent.o
         4          0          0          0          0          0   _printf_percent_end.o
        22          0          0          0          0        100   _rserrno.o
        10          0          0          0          0         68   _sputc.o
       228          4        148          0          0         96   bigflt0.o
      1936        128          0          0          0        668   btod.o
        18          0          0          0          0         80   exit.o
         6          0          0          0          0        152   heapauxi.o
         0          0          0          0          0          0   indicate_semi.o
        44         10         28          0          0         76   lc_numeric_c.o
         2          0          0          0          0          0   libinit.o
        22          0          0          0          0          0   libinit2.o
         2          0          0          0          0          0   libshutdown.o
         2          0          0          0          0          0   libshutdown2.o
         8          4          0          0         96         68   libspace.o
       138          0          0          0          0         80   lludiv10.o
       240          0          0          0          0        100   lludivv7m.o
        88          0          0          0          0         76   memcmp.o
        40          6          0          0          0         84   noretval__2sprintf.o
         8          4          0          0          0         68   rt_errno_addr_intlibspace.o
         8          4          0          0          0         68   rt_locale_intlibspace.o
        78          0          0          0          0         80   rt_memclr_w.o
       138          0          0          0          0         68   rt_memcpy_v6.o
       100          0          0          0          0         80   rt_memcpy_w.o
         2          0          0          0          0          0   rtexit.o
        10          0          0          0          0          0   rtexit2.o
       124          0          0          0          0         88   strcmpv7m_pel.o
        62          0          0          0          0         76   strlen.o
        12          4          0          0          0         68   sys_exit.o
        74          0          0          0          0         80   sys_stackheap_outer.o
         2          0          0          0          0         68   use_no_semi.o
        14          0          0          0          0        116   ffix.o
       140          4          0          0          0        132   fnaninf.o
        26          0          0          0          0        116   fpinit.o
        96          4          0          0          0        124   frnd.o
         4          0          0          0          0        116   printf1.o
         0          0          0          0          0          0   usenofp.o
       496         64         80          0          0        252   asin.o
       484         66        152          0          0        348   atan.o
       456         64          0          0          0        180   atan2.o
        60         28          0          0          0        464   dunder.o
        24          0          0          0          0        124   fabs.o
        48          0          0          0          0        124   fpclassify.o
        72          0          0          0          0        136   lrintf.o
       112          0          0          0          0        116   poly.o
         0          0          8          0          0          0   qnan.o
       106          0          0          0          0        140   sqrt.o

    ----------------------------------------------------------------------
      7602        444        416          0         96       5612   Library Totals
        40          4          0          0          0          0   (incl. Padding)

    ----------------------------------------------------------------------

      Code (inc. data)   RO Data    RW Data    ZI Data      Debug   Library Name

      5424        210        176          0         96       3124   c_w.l
       280          8          0          0          0        604   fz_wv.l
      1858        222        240          0          0       1884   m_wv.l

    ----------------------------------------------------------------------
      7602        444        416          0         96       5612   Library Totals

    ----------------------------------------------------------------------

==============================================================================


      Code (inc. data)   RO Data    RW Data    ZI Data      Debug   

     77284       1546       1480        284      86452     774118   Grand Totals
     77284       1546       1480        284      86452     774118   ELF Image Totals
     77284       1546       1480        284          0          0   ROM Totals

==============================================================================

    Total RO  Size (Code + RO Data)                78764 (  76.92kB)
    Total RW  Size (RW Data + ZI Data)             86736 (  84.70kB)
    Total ROM Size (Code + RO Data + RW Data)      79048 (  77.20kB)

==============================================================================

